No se encontro Raylib include: C:\raylib\raylib-6.0_win64_mingw-w64\include
