C:/ProgramData/mingw64/mingw64/bin/../lib/gcc/x86_64-w64-mingw32/16.1.0/../../../../x86_64-w64-mingw32/bin/ld.exe: C:\Users\Admin\Desktop\AerolineaAplicacion\build\obj\ModuloEquipaje.cpp.o:ModuloEquipaje.cpp:(.text+0x17): undefined reference to `EquipajeDAO::EquipajeDAO()'
C:/ProgramData/mingw64/mingw64/bin/../lib/gcc/x86_64-w64-mingw32/16.1.0/../../../../x86_64-w64-mingw32/bin/ld.exe: C:\Users\Admin\Desktop\AerolineaAplicacion\build\obj\ModuloEquipaje.cpp.o:ModuloEquipaje.cpp:(.text+0x29): undefined reference to `NotificacionDAO::NotificacionDAO()'
C:/ProgramData/mingw64/mingw64/bin/../lib/gcc/x86_64-w64-mingw32/16.1.0/../../../../x86_64-w64-mingw32/bin/ld.exe: C:\Users\Admin\Desktop\AerolineaAplicacion\build\obj\ModuloEquipaje.cpp.o:ModuloEquipaje.cpp:(.text+0x32d): undefined reference to `NotificacionDAO::contarNoLeidas(int) const'
C:/ProgramData/mingw64/mingw64/bin/../lib/gcc/x86_64-w64-mingw32/16.1.0/../../../../x86_64-w64-mingw32/bin/ld.exe: C:\Users\Admin\Desktop\AerolineaAplicacion\build\obj\ModuloEquipaje.cpp.o:ModuloEquipaje.cpp:(.text+0x354): undefined reference to `NotificacionDAO::listarPorModulo(int) const'
C:/ProgramData/mingw64/mingw64/bin/../lib/gcc/x86_64-w64-mingw32/16.1.0/../../../../x86_64-w64-mingw32/bin/ld.exe: C:\Users\Admin\Desktop\AerolineaAplicacion\build\obj\ModuloEquipaje.cpp.o:ModuloEquipaje.cpp:(.text+0x3a8): undefined reference to `EquipajeDAO::listarTickets() const'
C:/ProgramData/mingw64/mingw64/bin/../lib/gcc/x86_64-w64-mingw32/16.1.0/../../../../x86_64-w64-mingw32/bin/ld.exe: C:\Users\Admin\Desktop\AerolineaAplicacion\build\obj\ModuloEquipaje.cpp.o:ModuloEquipaje.cpp:(.text+0x3db): undefined reference to `EquipajeDAO::listarTiposEquipaje() const'
C:/ProgramData/mingw64/mingw64/bin/../lib/gcc/x86_64-w64-mingw32/16.1.0/../../../../x86_64-w64-mingw32/bin/ld.exe: C:\Users\Admin\Desktop\AerolineaAplicacion\build\obj\ModuloEquipaje.cpp.o:ModuloEquipaje.cpp:(.text+0x433): undefined reference to `EquipajeDAO::listar() const'
C:/ProgramData/mingw64/mingw64/bin/../lib/gcc/x86_64-w64-mingw32/16.1.0/../../../../x86_64-w64-mingw32/bin/ld.exe: C:\Users\Admin\Desktop\AerolineaAplicacion\build\obj\ModuloEquipaje.cpp.o:ModuloEquipaje.cpp:(.text+0x453): undefined reference to `EquipajeDAO::buscar(std::__cxx11::basic_string<char, std::char_traits<char>, std::allocator<char> > const&) const'
C:/ProgramData/mingw64/mingw64/bin/../lib/gcc/x86_64-w64-mingw32/16.1.0/../../../../x86_64-w64-mingw32/bin/ld.exe: C:\Users\Admin\Desktop\AerolineaAplicacion\build\obj\ModuloEquipaje.cpp.o:ModuloEquipaje.cpp:(.text+0x510): undefined reference to `UI::purple()'
C:/ProgramData/mingw64/mingw64/bin/../lib/gcc/x86_64-w64-mingw32/16.1.0/../../../../x86_64-w64-mingw32/bin/ld.exe: C:\Users\Admin\Desktop\AerolineaAplicacion\build\obj\ModuloEquipaje.cpp.o:ModuloEquipaje.cpp:(.text+0x55b): undefined reference to `UI::menuLateral(std::__cxx11::basic_string<char, std::char_traits<char>, std::allocator<char> > const&, std::vector<std::__cxx11::basic_string<char, std::char_traits<char>, std::allocator<char> >, std::allocator<std::__cxx11::basic_string<char, std::char_traits<char>, std::allocator<char> > > > const&, int, Color)'
C:/ProgramData/mingw64/mingw64/bin/../lib/gcc/x86_64-w64-mingw32/16.1.0/../../../../x86_64-w64-mingw32/bin/ld.exe: C:\Users\Admin\Desktop\AerolineaAplicacion\build\obj\ModuloEquipaje.cpp.o:ModuloEquipaje.cpp:(.text+0x649): undefined reference to `UI::purple()'
C:/ProgramData/mingw64/mingw64/bin/../lib/gcc/x86_64-w64-mingw32/16.1.0/../../../../x86_64-w64-mingw32/bin/ld.exe: C:\Users\Admin\Desktop\AerolineaAplicacion\build\obj\ModuloEquipaje.cpp.o:ModuloEquipaje.cpp:(.text+0x6f1): undefined reference to `UI::botonSecundario(Rectangle, std::__cxx11::basic_string<char, std::char_traits<char>, std::allocator<char> > const&, Color)'
C:/ProgramData/mingw64/mingw64/bin/../lib/gcc/x86_64-w64-mingw32/16.1.0/../../../../x86_64-w64-mingw32/bin/ld.exe: C:\Users\Admin\Desktop\AerolineaAplicacion\build\obj\ModuloEquipaje.cpp.o:ModuloEquipaje.cpp:(.text+0x7e6): undefined reference to `UI::botonSecundario(Rectangle, std::__cxx11::basic_string<char, std::char_traits<char>, std::allocator<char> > const&, Color)'
C:/ProgramData/mingw64/mingw64/bin/../lib/gcc/x86_64-w64-mingw32/16.1.0/../../../../x86_64-w64-mingw32/bin/ld.exe: C:\Users\Admin\Desktop\AerolineaAplicacion\build\obj\ModuloEquipaje.cpp.o:ModuloEquipaje.cpp:(.text+0x8bf): undefined reference to `UI::navy()'
C:/ProgramData/mingw64/mingw64/bin/../lib/gcc/x86_64-w64-mingw32/16.1.0/../../../../x86_64-w64-mingw32/bin/ld.exe: C:\Users\Admin\Desktop\AerolineaAplicacion\build\obj\ModuloEquipaje.cpp.o:ModuloEquipaje.cpp:(.text+0x8e5): undefined reference to `UI::muted()'
C:/ProgramData/mingw64/mingw64/bin/../lib/gcc/x86_64-w64-mingw32/16.1.0/../../../../x86_64-w64-mingw32/bin/ld.exe: C:\Users\Admin\Desktop\AerolineaAplicacion\build\obj\ModuloEquipaje.cpp.o:ModuloEquipaje.cpp:(.text+0x90b): undefined reference to `UI::muted()'
C:/ProgramData/mingw64/mingw64/bin/../lib/gcc/x86_64-w64-mingw32/16.1.0/../../../../x86_64-w64-mingw32/bin/ld.exe: C:\Users\Admin\Desktop\AerolineaAplicacion\build\obj\ModuloEquipaje.cpp.o:ModuloEquipaje.cpp:(.text+0xa31): undefined reference to `UI::green()'
C:/ProgramData/mingw64/mingw64/bin/../lib/gcc/x86_64-w64-mingw32/16.1.0/../../../../x86_64-w64-mingw32/bin/ld.exe: C:\Users\Admin\Desktop\AerolineaAplicacion\build\obj\ModuloEquipaje.cpp.o:ModuloEquipaje.cpp:(.text+0xa3a): undefined reference to `UI::muted()'
C:/ProgramData/mingw64/mingw64/bin/../lib/gcc/x86_64-w64-mingw32/16.1.0/../../../../x86_64-w64-mingw32/bin/ld.exe: C:\Users\Admin\Desktop\AerolineaAplicacion\build\obj\ModuloEquipaje.cpp.o:ModuloEquipaje.cpp:(.text+0xa6f): undefined reference to `UI::botonSecundario(Rectangle, std::__cxx11::basic_string<char, std::char_traits<char>, std::allocator<char> > const&, Color)'
C:/ProgramData/mingw64/mingw64/bin/../lib/gcc/x86_64-w64-mingw32/16.1.0/../../../../x86_64-w64-mingw32/bin/ld.exe: C:\Users\Admin\Desktop\AerolineaAplicacion\build\obj\ModuloEquipaje.cpp.o:ModuloEquipaje.cpp:(.text+0xb61): undefined reference to `UI::muted()'
C:/ProgramData/mingw64/mingw64/bin/../lib/gcc/x86_64-w64-mingw32/16.1.0/../../../../x86_64-w64-mingw32/bin/ld.exe: C:\Users\Admin\Desktop\AerolineaAplicacion\build\obj\ModuloEquipaje.cpp.o:ModuloEquipaje.cpp:(.text+0xcec): undefined reference to `UI::green()'
C:/ProgramData/mingw64/mingw64/bin/../lib/gcc/x86_64-w64-mingw32/16.1.0/../../../../x86_64-w64-mingw32/bin/ld.exe: C:\Users\Admin\Desktop\AerolineaAplicacion\build\obj\ModuloEquipaje.cpp.o:ModuloEquipaje.cpp:(.text+0xcf6): undefined reference to `UI::muted()'
C:/ProgramData/mingw64/mingw64/bin/../lib/gcc/x86_64-w64-mingw32/16.1.0/../../../../x86_64-w64-mingw32/bin/ld.exe: C:\Users\Admin\Desktop\AerolineaAplicacion\build\obj\ModuloEquipaje.cpp.o:ModuloEquipaje.cpp:(.text+0xd39): undefined reference to `UI::botonSecundario(Rectangle, std::__cxx11::basic_string<char, std::char_traits<char>, std::allocator<char> > const&, Color)'
C:/ProgramData/mingw64/mingw64/bin/../lib/gcc/x86_64-w64-mingw32/16.1.0/../../../../x86_64-w64-mingw32/bin/ld.exe: C:\Users\Admin\Desktop\AerolineaAplicacion\build\obj\ModuloEquipaje.cpp.o:ModuloEquipaje.cpp:(.text+0xf7c): undefined reference to `UI::input(Rectangle, std::__cxx11::basic_string<char, std::char_traits<char>, std::allocator<char> > const&, std::__cxx11::basic_string<char, std::char_traits<char>, std::allocator<char> > const&, bool, bool)'
C:/ProgramData/mingw64/mingw64/bin/../lib/gcc/x86_64-w64-mingw32/16.1.0/../../../../x86_64-w64-mingw32/bin/ld.exe: C:\Users\Admin\Desktop\AerolineaAplicacion\build\obj\ModuloEquipaje.cpp.o:ModuloEquipaje.cpp:(.text+0x1086): undefined reference to `UI::input(Rectangle, std::__cxx11::basic_string<char, std::char_traits<char>, std::allocator<char> > const&, std::__cxx11::basic_string<char, std::char_traits<char>, std::allocator<char> > const&, bool, bool)'
C:/ProgramData/mingw64/mingw64/bin/../lib/gcc/x86_64-w64-mingw32/16.1.0/../../../../x86_64-w64-mingw32/bin/ld.exe: C:\Users\Admin\Desktop\AerolineaAplicacion\build\obj\ModuloEquipaje.cpp.o:ModuloEquipaje.cpp:(.text+0x10d9): undefined reference to `UI::capturarTexto(std::__cxx11::basic_string<char, std::char_traits<char>, std::allocator<char> >&, int)'
C:/ProgramData/mingw64/mingw64/bin/../lib/gcc/x86_64-w64-mingw32/16.1.0/../../../../x86_64-w64-mingw32/bin/ld.exe: C:\Users\Admin\Desktop\AerolineaAplicacion\build\obj\ModuloEquipaje.cpp.o:ModuloEquipaje.cpp:(.text+0x1105): undefined reference to `UI::capturarTexto(std::__cxx11::basic_string<char, std::char_traits<char>, std::allocator<char> >&, int)'
C:/ProgramData/mingw64/mingw64/bin/../lib/gcc/x86_64-w64-mingw32/16.1.0/../../../../x86_64-w64-mingw32/bin/ld.exe: C:\Users\Admin\Desktop\AerolineaAplicacion\build\obj\ModuloEquipaje.cpp.o:ModuloEquipaje.cpp:(.text+0x110a): undefined reference to `UI::purple()'
C:/ProgramData/mingw64/mingw64/bin/../lib/gcc/x86_64-w64-mingw32/16.1.0/../../../../x86_64-w64-mingw32/bin/ld.exe: C:\Users\Admin\Desktop\AerolineaAplicacion\build\obj\ModuloEquipaje.cpp.o:ModuloEquipaje.cpp:(.text+0x11c0): undefined reference to `UI::boton(Rectangle, std::__cxx11::basic_string<char, std::char_traits<char>, std::allocator<char> > const&, Color)'
C:/ProgramData/mingw64/mingw64/bin/../lib/gcc/x86_64-w64-mingw32/16.1.0/../../../../x86_64-w64-mingw32/bin/ld.exe: C:\Users\Admin\Desktop\AerolineaAplicacion\build\obj\ModuloEquipaje.cpp.o:ModuloEquipaje.cpp:(.text+0x11fa): undefined reference to `ConexionDB::convertirDouble(std::__cxx11::basic_string<char, std::char_traits<char>, std::allocator<char> > const&, double)'
C:/ProgramData/mingw64/mingw64/bin/../lib/gcc/x86_64-w64-mingw32/16.1.0/../../../../x86_64-w64-mingw32/bin/ld.exe: C:\Users\Admin\Desktop\AerolineaAplicacion\build\obj\ModuloEquipaje.cpp.o:ModuloEquipaje.cpp:(.text+0x1218): undefined reference to `ConexionDB::convertirDouble(std::__cxx11::basic_string<char, std::char_traits<char>, std::allocator<char> > const&, double)'
C:/ProgramData/mingw64/mingw64/bin/../lib/gcc/x86_64-w64-mingw32/16.1.0/../../../../x86_64-w64-mingw32/bin/ld.exe: C:\Users\Admin\Desktop\AerolineaAplicacion\build\obj\ModuloEquipaje.cpp.o:ModuloEquipaje.cpp:(.text+0x1237): undefined reference to `ConexionDB::convertirEntero(std::__cxx11::basic_string<char, std::char_traits<char>, std::allocator<char> > const&, int)'
C:/ProgramData/mingw64/mingw64/bin/../lib/gcc/x86_64-w64-mingw32/16.1.0/../../../../x86_64-w64-mingw32/bin/ld.exe: C:\Users\Admin\Desktop\AerolineaAplicacion\build\obj\ModuloEquipaje.cpp.o:ModuloEquipaje.cpp:(.text+0x1254): undefined reference to `ConexionDB::convertirEntero(std::__cxx11::basic_string<char, std::char_traits<char>, std::allocator<char> > const&, int)'
C:/ProgramData/mingw64/mingw64/bin/../lib/gcc/x86_64-w64-mingw32/16.1.0/../../../../x86_64-w64-mingw32/bin/ld.exe: C:\Users\Admin\Desktop\AerolineaAplicacion\build\obj\ModuloEquipaje.cpp.o:ModuloEquipaje.cpp:(.text+0x1275): undefined reference to `EquipajeDAO::registrar(int, int, double, double)'
C:/ProgramData/mingw64/mingw64/bin/../lib/gcc/x86_64-w64-mingw32/16.1.0/../../../../x86_64-w64-mingw32/bin/ld.exe: C:\Users\Admin\Desktop\AerolineaAplicacion\build\obj\ModuloEquipaje.cpp.o:ModuloEquipaje.cpp:(.text+0x1473): undefined reference to `UI::green()'
C:/ProgramData/mingw64/mingw64/bin/../lib/gcc/x86_64-w64-mingw32/16.1.0/../../../../x86_64-w64-mingw32/bin/ld.exe: C:\Users\Admin\Desktop\AerolineaAplicacion\build\obj\ModuloEquipaje.cpp.o:ModuloEquipaje.cpp:(.text+0x15f3): undefined reference to `UI::navy()'
C:/ProgramData/mingw64/mingw64/bin/../lib/gcc/x86_64-w64-mingw32/16.1.0/../../../../x86_64-w64-mingw32/bin/ld.exe: C:\Users\Admin\Desktop\AerolineaAplicacion\build\obj\ModuloEquipaje.cpp.o:ModuloEquipaje.cpp:(.text+0x171b): undefined reference to `UI::input(Rectangle, std::__cxx11::basic_string<char, std::char_traits<char>, std::allocator<char> > const&, std::__cxx11::basic_string<char, std::char_traits<char>, std::allocator<char> > const&, bool, bool)'
C:/ProgramData/mingw64/mingw64/bin/../lib/gcc/x86_64-w64-mingw32/16.1.0/../../../../x86_64-w64-mingw32/bin/ld.exe: C:\Users\Admin\Desktop\AerolineaAplicacion\build\obj\ModuloEquipaje.cpp.o:ModuloEquipaje.cpp:(.text+0x176e): undefined reference to `UI::capturarTexto(std::__cxx11::basic_string<char, std::char_traits<char>, std::allocator<char> >&, int)'
C:/ProgramData/mingw64/mingw64/bin/../lib/gcc/x86_64-w64-mingw32/16.1.0/../../../../x86_64-w64-mingw32/bin/ld.exe: C:\Users\Admin\Desktop\AerolineaAplicacion\build\obj\ModuloEquipaje.cpp.o:ModuloEquipaje.cpp:(.text+0x1773): undefined reference to `UI::purple()'
C:/ProgramData/mingw64/mingw64/bin/../lib/gcc/x86_64-w64-mingw32/16.1.0/../../../../x86_64-w64-mingw32/bin/ld.exe: C:\Users\Admin\Desktop\AerolineaAplicacion\build\obj\ModuloEquipaje.cpp.o:ModuloEquipaje.cpp:(.text+0x1825): undefined reference to `UI::boton(Rectangle, std::__cxx11::basic_string<char, std::char_traits<char>, std::allocator<char> > const&, Color)'
C:/ProgramData/mingw64/mingw64/bin/../lib/gcc/x86_64-w64-mingw32/16.1.0/../../../../x86_64-w64-mingw32/bin/ld.exe: C:\Users\Admin\Desktop\AerolineaAplicacion\build\obj\ModuloEquipaje.cpp.o:ModuloEquipaje.cpp:(.text+0x1862): undefined reference to `EquipajeDAO::rastrear(std::__cxx11::basic_string<char, std::char_traits<char>, std::allocator<char> > const&) const'
C:/ProgramData/mingw64/mingw64/bin/../lib/gcc/x86_64-w64-mingw32/16.1.0/../../../../x86_64-w64-mingw32/bin/ld.exe: C:\Users\Admin\Desktop\AerolineaAplicacion\build\obj\ModuloEquipaje.cpp.o:ModuloEquipaje.cpp:(.text+0x1a6c): undefined reference to `UI::botonSecundario(Rectangle, std::__cxx11::basic_string<char, std::char_traits<char>, std::allocator<char> > const&, Color)'
C:/ProgramData/mingw64/mingw64/bin/../lib/gcc/x86_64-w64-mingw32/16.1.0/../../../../x86_64-w64-mingw32/bin/ld.exe: C:\Users\Admin\Desktop\AerolineaAplicacion\build\obj\ModuloEquipaje.cpp.o:ModuloEquipaje.cpp:(.text+0x1adf): undefined reference to `EquipajeDAO::actualizarEstado(std::__cxx11::basic_string<char, std::char_traits<char>, std::allocator<char> > const&, std::__cxx11::basic_string<char, std::char_traits<char>, std::allocator<char> > const&)'
C:/ProgramData/mingw64/mingw64/bin/../lib/gcc/x86_64-w64-mingw32/16.1.0/../../../../x86_64-w64-mingw32/bin/ld.exe: C:\Users\Admin\Desktop\AerolineaAplicacion\build\obj\ModuloEquipaje.cpp.o:ModuloEquipaje.cpp:(.text+0x1b89): undefined reference to `UI::green()'
C:/ProgramData/mingw64/mingw64/bin/../lib/gcc/x86_64-w64-mingw32/16.1.0/../../../../x86_64-w64-mingw32/bin/ld.exe: C:\Users\Admin\Desktop\AerolineaAplicacion\build\obj\ModuloEquipaje.cpp.o:ModuloEquipaje.cpp:(.text+0x1c3f): undefined reference to `UI::botonSecundario(Rectangle, std::__cxx11::basic_string<char, std::char_traits<char>, std::allocator<char> > const&, Color)'
C:/ProgramData/mingw64/mingw64/bin/../lib/gcc/x86_64-w64-mingw32/16.1.0/../../../../x86_64-w64-mingw32/bin/ld.exe: C:\Users\Admin\Desktop\AerolineaAplicacion\build\obj\ModuloEquipaje.cpp.o:ModuloEquipaje.cpp:(.text+0x1cb2): undefined reference to `EquipajeDAO::actualizarEstado(std::__cxx11::basic_string<char, std::char_traits<char>, std::allocator<char> > const&, std::__cxx11::basic_string<char, std::char_traits<char>, std::allocator<char> > const&)'
C:/ProgramData/mingw64/mingw64/bin/../lib/gcc/x86_64-w64-mingw32/16.1.0/../../../../x86_64-w64-mingw32/bin/ld.exe: C:\Users\Admin\Desktop\AerolineaAplicacion\build\obj\ModuloEquipaje.cpp.o:ModuloEquipaje.cpp:(.text+0x1cf1): undefined reference to `UI::green()'
C:/ProgramData/mingw64/mingw64/bin/../lib/gcc/x86_64-w64-mingw32/16.1.0/../../../../x86_64-w64-mingw32/bin/ld.exe: C:\Users\Admin\Desktop\AerolineaAplicacion\build\obj\ModuloEquipaje.cpp.o:ModuloEquipaje.cpp:(.text+0x1e6d): undefined reference to `UI::navy()'
C:/ProgramData/mingw64/mingw64/bin/../lib/gcc/x86_64-w64-mingw32/16.1.0/../../../../x86_64-w64-mingw32/bin/ld.exe: C:\Users\Admin\Desktop\AerolineaAplicacion\build\obj\ModuloEquipaje.cpp.o:ModuloEquipaje.cpp:(.text+0x1e93): undefined reference to `UI::muted()'
C:/ProgramData/mingw64/mingw64/bin/../lib/gcc/x86_64-w64-mingw32/16.1.0/../../../../x86_64-w64-mingw32/bin/ld.exe: C:\Users\Admin\Desktop\AerolineaAplicacion\build\obj\ModuloEquipaje.cpp.o:ModuloEquipaje.cpp:(.text+0x1fa0): undefined reference to `UI::input(Rectangle, std::__cxx11::basic_string<char, std::char_traits<char>, std::allocator<char> > const&, std::__cxx11::basic_string<char, std::char_traits<char>, std::allocator<char> > const&, bool, bool)'
C:/ProgramData/mingw64/mingw64/bin/../lib/gcc/x86_64-w64-mingw32/16.1.0/../../../../x86_64-w64-mingw32/bin/ld.exe: C:\Users\Admin\Desktop\AerolineaAplicacion\build\obj\ModuloEquipaje.cpp.o:ModuloEquipaje.cpp:(.text+0x1ff7): undefined reference to `UI::capturarTexto(std::__cxx11::basic_string<char, std::char_traits<char>, std::allocator<char> >&, int)'
C:/ProgramData/mingw64/mingw64/bin/../lib/gcc/x86_64-w64-mingw32/16.1.0/../../../../x86_64-w64-mingw32/bin/ld.exe: C:\Users\Admin\Desktop\AerolineaAplicacion\build\obj\ModuloEquipaje.cpp.o:ModuloEquipaje.cpp:(.text+0x2026): undefined reference to `EquipajeDAO::listar() const'
C:/ProgramData/mingw64/mingw64/bin/../lib/gcc/x86_64-w64-mingw32/16.1.0/../../../../x86_64-w64-mingw32/bin/ld.exe: C:\Users\Admin\Desktop\AerolineaAplicacion\build\obj\ModuloEquipaje.cpp.o:ModuloEquipaje.cpp:(.text+0x2052): undefined reference to `EquipajeDAO::buscar(std::__cxx11::basic_string<char, std::char_traits<char>, std::allocator<char> > const&) const'
C:/ProgramData/mingw64/mingw64/bin/../lib/gcc/x86_64-w64-mingw32/16.1.0/../../../../x86_64-w64-mingw32/bin/ld.exe: C:\Users\Admin\Desktop\AerolineaAplicacion\build\obj\ModuloEquipaje.cpp.o:ModuloEquipaje.cpp:(.text+0x21e9): undefined reference to `UI::border()'
C:/ProgramData/mingw64/mingw64/bin/../lib/gcc/x86_64-w64-mingw32/16.1.0/../../../../x86_64-w64-mingw32/bin/ld.exe: C:\Users\Admin\Desktop\AerolineaAplicacion\build\obj\ModuloEquipaje.cpp.o:ModuloEquipaje.cpp:(.text+0x221c): undefined reference to `UI::purple()'
C:/ProgramData/mingw64/mingw64/bin/../lib/gcc/x86_64-w64-mingw32/16.1.0/../../../../x86_64-w64-mingw32/bin/ld.exe: C:\Users\Admin\Desktop\AerolineaAplicacion\build\obj\ModuloEquipaje.cpp.o:ModuloEquipaje.cpp:(.text+0x22c6): undefined reference to `UI::navy()'
C:/ProgramData/mingw64/mingw64/bin/../lib/gcc/x86_64-w64-mingw32/16.1.0/../../../../x86_64-w64-mingw32/bin/ld.exe: C:\Users\Admin\Desktop\AerolineaAplicacion\build\obj\ModuloEquipaje.cpp.o:ModuloEquipaje.cpp:(.text+0x23f2): undefined reference to `UI::purple()'
C:/ProgramData/mingw64/mingw64/bin/../lib/gcc/x86_64-w64-mingw32/16.1.0/../../../../x86_64-w64-mingw32/bin/ld.exe: C:\Users\Admin\Desktop\AerolineaAplicacion\build\obj\ModuloEquipaje.cpp.o:ModuloEquipaje.cpp:(.text+0x243a): undefined reference to `UI::purple()'
C:/ProgramData/mingw64/mingw64/bin/../lib/gcc/x86_64-w64-mingw32/16.1.0/../../../../x86_64-w64-mingw32/bin/ld.exe: C:\Users\Admin\Desktop\AerolineaAplicacion\build\obj\ModuloEquipaje.cpp.o:ModuloEquipaje.cpp:(.text+0x24c5): undefined reference to `UI::purple()'
C:/ProgramData/mingw64/mingw64/bin/../lib/gcc/x86_64-w64-mingw32/16.1.0/../../../../x86_64-w64-mingw32/bin/ld.exe: C:\Users\Admin\Desktop\AerolineaAplicacion\build\obj\ModuloEquipaje.cpp.o:ModuloEquipaje.cpp:(.text+0x250d): undefined reference to `UI::purple()'
C:/ProgramData/mingw64/mingw64/bin/../lib/gcc/x86_64-w64-mingw32/16.1.0/../../../../x86_64-w64-mingw32/bin/ld.exe: C:\Users\Admin\Desktop\AerolineaAplicacion\build\obj\ModuloEquipaje.cpp.o:ModuloEquipaje.cpp:(.text+0x2533): undefined reference to `UI::purple()'
C:/ProgramData/mingw64/mingw64/bin/../lib/gcc/x86_64-w64-mingw32/16.1.0/../../../../x86_64-w64-mingw32/bin/ld.exe: C:\Users\Admin\Desktop\AerolineaAplicacion\build\obj\ModuloEquipaje.cpp.o:ModuloEquipaje.cpp:(.text+0x2559): more undefined references to `UI::purple()' follow
C:/ProgramData/mingw64/mingw64/bin/../lib/gcc/x86_64-w64-mingw32/16.1.0/../../../../x86_64-w64-mingw32/bin/ld.exe: C:\Users\Admin\Desktop\AerolineaAplicacion\build\obj\ModuloEquipaje.cpp.o:ModuloEquipaje.cpp:(.text+0x269b): undefined reference to `UI::border()'
C:/ProgramData/mingw64/mingw64/bin/../lib/gcc/x86_64-w64-mingw32/16.1.0/../../../../x86_64-w64-mingw32/bin/ld.exe: C:\Users\Admin\Desktop\AerolineaAplicacion\build\obj\ModuloEquipaje.cpp.o:ModuloEquipaje.cpp:(.text+0x2726): undefined reference to `UI::muted()'
C:/ProgramData/mingw64/mingw64/bin/../lib/gcc/x86_64-w64-mingw32/16.1.0/../../../../x86_64-w64-mingw32/bin/ld.exe: C:\Users\Admin\Desktop\AerolineaAplicacion\build\obj\ModuloEquipaje.cpp.o:ModuloEquipaje.cpp:(.text+0x274c): undefined reference to `UI::muted()'
C:/ProgramData/mingw64/mingw64/bin/../lib/gcc/x86_64-w64-mingw32/16.1.0/../../../../x86_64-w64-mingw32/bin/ld.exe: C:\Users\Admin\Desktop\AerolineaAplicacion\build\obj\ModuloEquipaje.cpp.o:ModuloEquipaje.cpp:(.text+0x28e3): undefined reference to `UI::orange()'
C:/ProgramData/mingw64/mingw64/bin/../lib/gcc/x86_64-w64-mingw32/16.1.0/../../../../x86_64-w64-mingw32/bin/ld.exe: C:\Users\Admin\Desktop\AerolineaAplicacion\build\obj\ModuloEquipaje.cpp.o:ModuloEquipaje.cpp:(.text+0x28f0): undefined reference to `UI::purple()'
C:/ProgramData/mingw64/mingw64/bin/../lib/gcc/x86_64-w64-mingw32/16.1.0/../../../../x86_64-w64-mingw32/bin/ld.exe: C:\Users\Admin\Desktop\AerolineaAplicacion\build\obj\ModuloEquipaje.cpp.o:ModuloEquipaje.cpp:(.text+0x2a37): undefined reference to `UI::navy()'
C:/ProgramData/mingw64/mingw64/bin/../lib/gcc/x86_64-w64-mingw32/16.1.0/../../../../x86_64-w64-mingw32/bin/ld.exe: C:\Users\Admin\Desktop\AerolineaAplicacion\build\obj\ModuloEquipaje.cpp.o:ModuloEquipaje.cpp:(.text+0x2b21): undefined reference to `UI::navy()'
C:/ProgramData/mingw64/mingw64/bin/../lib/gcc/x86_64-w64-mingw32/16.1.0/../../../../x86_64-w64-mingw32/bin/ld.exe: C:\Users\Admin\Desktop\AerolineaAplicacion\build\obj\ModuloEquipaje.cpp.o:ModuloEquipaje.cpp:(.text+0x2b6b): undefined reference to `UI::textoRecortado(std::__cxx11::basic_string<char, std::char_traits<char>, std::allocator<char> > const&, int, int, int, Color, int)'
C:/ProgramData/mingw64/mingw64/bin/../lib/gcc/x86_64-w64-mingw32/16.1.0/../../../../x86_64-w64-mingw32/bin/ld.exe: C:\Users\Admin\Desktop\AerolineaAplicacion\build\obj\ModuloEquipaje.cpp.o:ModuloEquipaje.cpp:(.text+0x2be3): undefined reference to `UI::textoRecortado(std::__cxx11::basic_string<char, std::char_traits<char>, std::allocator<char> > const&, int, int, int, Color, int)'
C:/ProgramData/mingw64/mingw64/bin/../lib/gcc/x86_64-w64-mingw32/16.1.0/../../../../x86_64-w64-mingw32/bin/ld.exe: C:\Users\Admin\Desktop\AerolineaAplicacion\build\obj\ModuloEquipaje.cpp.o:ModuloEquipaje.cpp:(.text+0x2cf6): undefined reference to `UI::textoRecortado(std::__cxx11::basic_string<char, std::char_traits<char>, std::allocator<char> > const&, int, int, int, Color, int)'
C:/ProgramData/mingw64/mingw64/bin/../lib/gcc/x86_64-w64-mingw32/16.1.0/../../../../x86_64-w64-mingw32/bin/ld.exe: C:\Users\Admin\Desktop\AerolineaAplicacion\build\obj\ModuloEquipaje.cpp.o:ModuloEquipaje.cpp:(.text+0x2ee3): undefined reference to `UI::navy()'
C:/ProgramData/mingw64/mingw64/bin/../lib/gcc/x86_64-w64-mingw32/16.1.0/../../../../x86_64-w64-mingw32/bin/ld.exe: C:\Users\Admin\Desktop\AerolineaAplicacion\build\obj\ModuloEquipaje.cpp.o:ModuloEquipaje.cpp:(.text+0x2f09): undefined reference to `UI::muted()'
C:/ProgramData/mingw64/mingw64/bin/../lib/gcc/x86_64-w64-mingw32/16.1.0/../../../../x86_64-w64-mingw32/bin/ld.exe: C:\Users\Admin\Desktop\AerolineaAplicacion\build\obj\ModuloEquipaje.cpp.o:ModuloEquipaje.cpp:(.text+0x2f56): undefined reference to `UI::purple()'
C:/ProgramData/mingw64/mingw64/bin/../lib/gcc/x86_64-w64-mingw32/16.1.0/../../../../x86_64-w64-mingw32/bin/ld.exe: C:\Users\Admin\Desktop\AerolineaAplicacion\build\obj\ModuloEquipaje.cpp.o:ModuloEquipaje.cpp:(.text+0x3034): undefined reference to `UI::aviso(Rectangle, std::__cxx11::basic_string<char, std::char_traits<char>, std::allocator<char> > const&, std::__cxx11::basic_string<char, std::char_traits<char>, std::allocator<char> > const&, Color)'
C:/ProgramData/mingw64/mingw64/bin/../lib/gcc/x86_64-w64-mingw32/16.1.0/../../../../x86_64-w64-mingw32/bin/ld.exe: C:\Users\Admin\Desktop\AerolineaAplicacion\build\obj\ModuloEquipaje.cpp.o:ModuloEquipaje.cpp:(.text+0x309d): undefined reference to `UI::purple()'
C:/ProgramData/mingw64/mingw64/bin/../lib/gcc/x86_64-w64-mingw32/16.1.0/../../../../x86_64-w64-mingw32/bin/ld.exe: C:\Users\Admin\Desktop\AerolineaAplicacion\build\obj\ModuloEquipaje.cpp.o:ModuloEquipaje.cpp:(.text+0x3162): undefined reference to `UI::aviso(Rectangle, std::__cxx11::basic_string<char, std::char_traits<char>, std::allocator<char> > const&, std::__cxx11::basic_string<char, std::char_traits<char>, std::allocator<char> > const&, Color)'
C:/ProgramData/mingw64/mingw64/bin/../lib/gcc/x86_64-w64-mingw32/16.1.0/../../../../x86_64-w64-mingw32/bin/ld.exe: C:\Users\Admin\Desktop\AerolineaAplicacion\build\obj\ModuloEquipaje.cpp.o:ModuloEquipaje.cpp:(.text+0x3229): undefined reference to `UI::green()'
C:/ProgramData/mingw64/mingw64/bin/../lib/gcc/x86_64-w64-mingw32/16.1.0/../../../../x86_64-w64-mingw32/bin/ld.exe: C:\Users\Admin\Desktop\AerolineaAplicacion\build\obj\ModuloEquipaje.cpp.o:ModuloEquipaje.cpp:(.text+0x3281): undefined reference to `UI::botonSecundario(Rectangle, std::__cxx11::basic_string<char, std::char_traits<char>, std::allocator<char> > const&, Color)'
C:/ProgramData/mingw64/mingw64/bin/../lib/gcc/x86_64-w64-mingw32/16.1.0/../../../../x86_64-w64-mingw32/bin/ld.exe: C:\Users\Admin\Desktop\AerolineaAplicacion\build\obj\ModuloEquipaje.cpp.o:ModuloEquipaje.cpp:(.text+0x3517): undefined reference to `EquipajeDAO::buscarPropietarioPorEtiqueta(std::__cxx11::basic_string<char, std::char_traits<char>, std::allocator<char> > const&) const'
C:/ProgramData/mingw64/mingw64/bin/../lib/gcc/x86_64-w64-mingw32/16.1.0/../../../../x86_64-w64-mingw32/bin/ld.exe: C:\Users\Admin\Desktop\AerolineaAplicacion\build\obj\ModuloEquipaje.cpp.o:ModuloEquipaje.cpp:(.text+0x3735): undefined reference to `NotificacionDAO::crear(int, std::__cxx11::basic_string<char, std::char_traits<char>, std::allocator<char> > const&, std::__cxx11::basic_string<char, std::char_traits<char>, std::allocator<char> > const&)'
C:/ProgramData/mingw64/mingw64/bin/../lib/gcc/x86_64-w64-mingw32/16.1.0/../../../../x86_64-w64-mingw32/bin/ld.exe: C:\Users\Admin\Desktop\AerolineaAplicacion\build\obj\ModuloEquipaje.cpp.o:ModuloEquipaje.cpp:(.text+0x37dc): undefined reference to `UI::purple()'
C:/ProgramData/mingw64/mingw64/bin/../lib/gcc/x86_64-w64-mingw32/16.1.0/../../../../x86_64-w64-mingw32/bin/ld.exe: C:\Users\Admin\Desktop\AerolineaAplicacion\build\obj\ModuloEquipaje.cpp.o:ModuloEquipaje.cpp:(.text+0x3892): undefined reference to `UI::botonSecundario(Rectangle, std::__cxx11::basic_string<char, std::char_traits<char>, std::allocator<char> > const&, Color)'
C:/ProgramData/mingw64/mingw64/bin/../lib/gcc/x86_64-w64-mingw32/16.1.0/../../../../x86_64-w64-mingw32/bin/ld.exe: C:\Users\Admin\Desktop\AerolineaAplicacion\build\obj\ModuloEquipaje.cpp.o:ModuloEquipaje.cpp:(.text+0x38c2): undefined reference to `NotificacionDAO::marcarLeidas(int)'
C:/ProgramData/mingw64/mingw64/bin/../lib/gcc/x86_64-w64-mingw32/16.1.0/../../../../x86_64-w64-mingw32/bin/ld.exe: C:\Users\Admin\Desktop\AerolineaAplicacion\build\obj\ModuloEquipaje.cpp.o:ModuloEquipaje.cpp:(.text+0x38f6): undefined reference to `UI::green()'
C:/ProgramData/mingw64/mingw64/bin/../lib/gcc/x86_64-w64-mingw32/16.1.0/../../../../x86_64-w64-mingw32/bin/ld.exe: C:\Users\Admin\Desktop\AerolineaAplicacion\build\obj\ModuloEquipaje.cpp.o:ModuloEquipaje.cpp:(.text+0x3b3b): undefined reference to `UI::purple()'
C:/ProgramData/mingw64/mingw64/bin/../lib/gcc/x86_64-w64-mingw32/16.1.0/../../../../x86_64-w64-mingw32/bin/ld.exe: C:\Users\Admin\Desktop\AerolineaAplicacion\build\obj\ModuloEquipaje.cpp.o:ModuloEquipaje.cpp:(.text+0x3b9b): undefined reference to `UI::shellModulo(std::__cxx11::basic_string<char, std::char_traits<char>, std::allocator<char> > const&, std::__cxx11::basic_string<char, std::char_traits<char>, std::allocator<char> > const&, Color, int)'
C:/ProgramData/mingw64/mingw64/bin/../lib/gcc/x86_64-w64-mingw32/16.1.0/../../../../x86_64-w64-mingw32/bin/ld.exe: C:\Users\Admin\Desktop\AerolineaAplicacion\build\obj\ModuloMantenimiento.cpp.o:ModuloMantenimiento.cpp:(.text+0x2ab): undefined reference to `AvionDAO::AvionDAO()'
C:/ProgramData/mingw64/mingw64/bin/../lib/gcc/x86_64-w64-mingw32/16.1.0/../../../../x86_64-w64-mingw32/bin/ld.exe: C:\Users\Admin\Desktop\AerolineaAplicacion\build\obj\ModuloMantenimiento.cpp.o:ModuloMantenimiento.cpp:(.text+0x2bd): undefined reference to `VueloDAO::VueloDAO()'
C:/ProgramData/mingw64/mingw64/bin/../lib/gcc/x86_64-w64-mingw32/16.1.0/../../../../x86_64-w64-mingw32/bin/ld.exe: C:\Users\Admin\Desktop\AerolineaAplicacion\build\obj\ModuloMantenimiento.cpp.o:ModuloMantenimiento.cpp:(.text+0x2cf): undefined reference to `NotificacionDAO::NotificacionDAO()'
C:/ProgramData/mingw64/mingw64/bin/../lib/gcc/x86_64-w64-mingw32/16.1.0/../../../../x86_64-w64-mingw32/bin/ld.exe: C:\Users\Admin\Desktop\AerolineaAplicacion\build\obj\ModuloMantenimiento.cpp.o:ModuloMantenimiento.cpp:(.text+0x5fe): undefined reference to `AvionDAO::listar() const'
C:/ProgramData/mingw64/mingw64/bin/../lib/gcc/x86_64-w64-mingw32/16.1.0/../../../../x86_64-w64-mingw32/bin/ld.exe: C:\Users\Admin\Desktop\AerolineaAplicacion\build\obj\ModuloMantenimiento.cpp.o:ModuloMantenimiento.cpp:(.text+0x692): undefined reference to `UI::orange()'
C:/ProgramData/mingw64/mingw64/bin/../lib/gcc/x86_64-w64-mingw32/16.1.0/../../../../x86_64-w64-mingw32/bin/ld.exe: C:\Users\Admin\Desktop\AerolineaAplicacion\build\obj\ModuloMantenimiento.cpp.o:ModuloMantenimiento.cpp:(.text+0x6dd): undefined reference to `UI::menuLateral(std::__cxx11::basic_string<char, std::char_traits<char>, std::allocator<char> > const&, std::vector<std::__cxx11::basic_string<char, std::char_traits<char>, std::allocator<char> >, std::allocator<std::__cxx11::basic_string<char, std::char_traits<char>, std::allocator<char> > > > const&, int, Color)'
C:/ProgramData/mingw64/mingw64/bin/../lib/gcc/x86_64-w64-mingw32/16.1.0/../../../../x86_64-w64-mingw32/bin/ld.exe: C:\Users\Admin\Desktop\AerolineaAplicacion\build\obj\ModuloMantenimiento.cpp.o:ModuloMantenimiento.cpp:(.text+0x7cb): undefined reference to `UI::orange()'
C:/ProgramData/mingw64/mingw64/bin/../lib/gcc/x86_64-w64-mingw32/16.1.0/../../../../x86_64-w64-mingw32/bin/ld.exe: C:\Users\Admin\Desktop\AerolineaAplicacion\build\obj\ModuloMantenimiento.cpp.o:ModuloMantenimiento.cpp:(.text+0x873): undefined reference to `UI::botonSecundario(Rectangle, std::__cxx11::basic_string<char, std::char_traits<char>, std::allocator<char> > const&, Color)'
C:/ProgramData/mingw64/mingw64/bin/../lib/gcc/x86_64-w64-mingw32/16.1.0/../../../../x86_64-w64-mingw32/bin/ld.exe: C:\Users\Admin\Desktop\AerolineaAplicacion\build\obj\ModuloMantenimiento.cpp.o:ModuloMantenimiento.cpp:(.text+0x968): undefined reference to `UI::botonSecundario(Rectangle, std::__cxx11::basic_string<char, std::char_traits<char>, std::allocator<char> > const&, Color)'
C:/ProgramData/mingw64/mingw64/bin/../lib/gcc/x86_64-w64-mingw32/16.1.0/../../../../x86_64-w64-mingw32/bin/ld.exe: C:\Users\Admin\Desktop\AerolineaAplicacion\build\obj\ModuloMantenimiento.cpp.o:ModuloMantenimiento.cpp:(.text+0xab9): undefined reference to `VueloDAO::listarPorAvion(int) const'
C:/ProgramData/mingw64/mingw64/bin/../lib/gcc/x86_64-w64-mingw32/16.1.0/../../../../x86_64-w64-mingw32/bin/ld.exe: C:\Users\Admin\Desktop\AerolineaAplicacion\build\obj\ModuloMantenimiento.cpp.o:ModuloMantenimiento.cpp:(.text+0xbcb): undefined reference to `NotificacionDAO::crear(int, std::__cxx11::basic_string<char, std::char_traits<char>, std::allocator<char> > const&, std::__cxx11::basic_string<char, std::char_traits<char>, std::allocator<char> > const&)'
C:/ProgramData/mingw64/mingw64/bin/../lib/gcc/x86_64-w64-mingw32/16.1.0/../../../../x86_64-w64-mingw32/bin/ld.exe: C:\Users\Admin\Desktop\AerolineaAplicacion\build\obj\ModuloMantenimiento.cpp.o:ModuloMantenimiento.cpp:(.text+0xc5e): undefined reference to `UI::orange()'
C:/ProgramData/mingw64/mingw64/bin/../lib/gcc/x86_64-w64-mingw32/16.1.0/../../../../x86_64-w64-mingw32/bin/ld.exe: C:\Users\Admin\Desktop\AerolineaAplicacion\build\obj\ModuloMantenimiento.cpp.o:ModuloMantenimiento.cpp:(.text+0xd05): undefined reference to `UI::botonSecundario(Rectangle, std::__cxx11::basic_string<char, std::char_traits<char>, std::allocator<char> > const&, Color)'
C:/ProgramData/mingw64/mingw64/bin/../lib/gcc/x86_64-w64-mingw32/16.1.0/../../../../x86_64-w64-mingw32/bin/ld.exe: C:\Users\Admin\Desktop\AerolineaAplicacion\build\obj\ModuloMantenimiento.cpp.o:ModuloMantenimiento.cpp:(.text+0xd2d): undefined reference to `UI::navy()'
C:/ProgramData/mingw64/mingw64/bin/../lib/gcc/x86_64-w64-mingw32/16.1.0/../../../../x86_64-w64-mingw32/bin/ld.exe: C:\Users\Admin\Desktop\AerolineaAplicacion\build\obj\ModuloMantenimiento.cpp.o:ModuloMantenimiento.cpp:(.text+0xdab): undefined reference to `UI::navy()'
C:/ProgramData/mingw64/mingw64/bin/../lib/gcc/x86_64-w64-mingw32/16.1.0/../../../../x86_64-w64-mingw32/bin/ld.exe: C:\Users\Admin\Desktop\AerolineaAplicacion\build\obj\ModuloMantenimiento.cpp.o:ModuloMantenimiento.cpp:(.text+0xdd1): undefined reference to `UI::muted()'
C:/ProgramData/mingw64/mingw64/bin/../lib/gcc/x86_64-w64-mingw32/16.1.0/../../../../x86_64-w64-mingw32/bin/ld.exe: C:\Users\Admin\Desktop\AerolineaAplicacion\build\obj\ModuloMantenimiento.cpp.o:ModuloMantenimiento.cpp:(.text+0xf56): undefined reference to `UI::border()'
C:/ProgramData/mingw64/mingw64/bin/../lib/gcc/x86_64-w64-mingw32/16.1.0/../../../../x86_64-w64-mingw32/bin/ld.exe: C:\Users\Admin\Desktop\AerolineaAplicacion\build\obj\ModuloMantenimiento.cpp.o:ModuloMantenimiento.cpp:(.text+0xf8a): undefined reference to `UI::orange()'
C:/ProgramData/mingw64/mingw64/bin/../lib/gcc/x86_64-w64-mingw32/16.1.0/../../../../x86_64-w64-mingw32/bin/ld.exe: C:\Users\Admin\Desktop\AerolineaAplicacion\build\obj\ModuloMantenimiento.cpp.o:ModuloMantenimiento.cpp:(.text+0x1032): undefined reference to `UI::navy()'
C:/ProgramData/mingw64/mingw64/bin/../lib/gcc/x86_64-w64-mingw32/16.1.0/../../../../x86_64-w64-mingw32/bin/ld.exe: C:\Users\Admin\Desktop\AerolineaAplicacion\build\obj\ModuloMantenimiento.cpp.o:ModuloMantenimiento.cpp:(.text+0x1058): undefined reference to `UI::green()'
C:/ProgramData/mingw64/mingw64/bin/../lib/gcc/x86_64-w64-mingw32/16.1.0/../../../../x86_64-w64-mingw32/bin/ld.exe: C:\Users\Admin\Desktop\AerolineaAplicacion\build\obj\ModuloMantenimiento.cpp.o:ModuloMantenimiento.cpp:(.text+0x1100): undefined reference to `UI::green()'
C:/ProgramData/mingw64/mingw64/bin/../lib/gcc/x86_64-w64-mingw32/16.1.0/../../../../x86_64-w64-mingw32/bin/ld.exe: C:\Users\Admin\Desktop\AerolineaAplicacion\build\obj\ModuloMantenimiento.cpp.o:ModuloMantenimiento.cpp:(.text+0x1126): undefined reference to `UI::muted()'
C:/ProgramData/mingw64/mingw64/bin/../lib/gcc/x86_64-w64-mingw32/16.1.0/../../../../x86_64-w64-mingw32/bin/ld.exe: C:\Users\Admin\Desktop\AerolineaAplicacion\build\obj\ModuloMantenimiento.cpp.o:ModuloMantenimiento.cpp:(.text+0x114c): undefined reference to `UI::blue()'
C:/ProgramData/mingw64/mingw64/bin/../lib/gcc/x86_64-w64-mingw32/16.1.0/../../../../x86_64-w64-mingw32/bin/ld.exe: C:\Users\Admin\Desktop\AerolineaAplicacion\build\obj\ModuloMantenimiento.cpp.o:ModuloMantenimiento.cpp:(.text+0x11d1): undefined reference to `UI::blue()'
C:/ProgramData/mingw64/mingw64/bin/../lib/gcc/x86_64-w64-mingw32/16.1.0/../../../../x86_64-w64-mingw32/bin/ld.exe: C:\Users\Admin\Desktop\AerolineaAplicacion\build\obj\ModuloMantenimiento.cpp.o:ModuloMantenimiento.cpp:(.text+0x1256): undefined reference to `UI::blue()'
C:/ProgramData/mingw64/mingw64/bin/../lib/gcc/x86_64-w64-mingw32/16.1.0/../../../../x86_64-w64-mingw32/bin/ld.exe: C:\Users\Admin\Desktop\AerolineaAplicacion\build\obj\ModuloMantenimiento.cpp.o:ModuloMantenimiento.cpp:(.text+0x12d9): undefined reference to `UI::orange()'
C:/ProgramData/mingw64/mingw64/bin/../lib/gcc/x86_64-w64-mingw32/16.1.0/../../../../x86_64-w64-mingw32/bin/ld.exe: C:\Users\Admin\Desktop\AerolineaAplicacion\build\obj\ModuloMantenimiento.cpp.o:ModuloMantenimiento.cpp:(.text+0x135c): undefined reference to `UI::orange()'
C:/ProgramData/mingw64/mingw64/bin/../lib/gcc/x86_64-w64-mingw32/16.1.0/../../../../x86_64-w64-mingw32/bin/ld.exe: C:\Users\Admin\Desktop\AerolineaAplicacion\build\obj\ModuloMantenimiento.cpp.o:ModuloMantenimiento.cpp:(.text+0x13df): undefined reference to `UI::blue()'
C:/ProgramData/mingw64/mingw64/bin/../lib/gcc/x86_64-w64-mingw32/16.1.0/../../../../x86_64-w64-mingw32/bin/ld.exe: C:\Users\Admin\Desktop\AerolineaAplicacion\build\obj\ModuloMantenimiento.cpp.o:ModuloMantenimiento.cpp:(.text+0x13fe): undefined reference to `UI::muted()'
C:/ProgramData/mingw64/mingw64/bin/../lib/gcc/x86_64-w64-mingw32/16.1.0/../../../../x86_64-w64-mingw32/bin/ld.exe: C:\Users\Admin\Desktop\AerolineaAplicacion\build\obj\ModuloMantenimiento.cpp.o:ModuloMantenimiento.cpp:(.text+0x1424): undefined reference to `UI::blue()'
C:/ProgramData/mingw64/mingw64/bin/../lib/gcc/x86_64-w64-mingw32/16.1.0/../../../../x86_64-w64-mingw32/bin/ld.exe: C:\Users\Admin\Desktop\AerolineaAplicacion\build\obj\ModuloMantenimiento.cpp.o:ModuloMantenimiento.cpp:(.text+0x1443): undefined reference to `UI::muted()'
C:/ProgramData/mingw64/mingw64/bin/../lib/gcc/x86_64-w64-mingw32/16.1.0/../../../../x86_64-w64-mingw32/bin/ld.exe: C:\Users\Admin\Desktop\AerolineaAplicacion\build\obj\ModuloMantenimiento.cpp.o:ModuloMantenimiento.cpp:(.text+0x1469): undefined reference to `UI::blue()'
C:/ProgramData/mingw64/mingw64/bin/../lib/gcc/x86_64-w64-mingw32/16.1.0/../../../../x86_64-w64-mingw32/bin/ld.exe: C:\Users\Admin\Desktop\AerolineaAplicacion\build\obj\ModuloMantenimiento.cpp.o:ModuloMantenimiento.cpp:(.text+0x1488): undefined reference to `UI::muted()'
C:/ProgramData/mingw64/mingw64/bin/../lib/gcc/x86_64-w64-mingw32/16.1.0/../../../../x86_64-w64-mingw32/bin/ld.exe: C:\Users\Admin\Desktop\AerolineaAplicacion\build\obj\ModuloMantenimiento.cpp.o:ModuloMantenimiento.cpp:(.text+0x14ae): undefined reference to `UI::blue()'
C:/ProgramData/mingw64/mingw64/bin/../lib/gcc/x86_64-w64-mingw32/16.1.0/../../../../x86_64-w64-mingw32/bin/ld.exe: C:\Users\Admin\Desktop\AerolineaAplicacion\build\obj\ModuloMantenimiento.cpp.o:ModuloMantenimiento.cpp:(.text+0x14cd): undefined reference to `UI::muted()'
C:/ProgramData/mingw64/mingw64/bin/../lib/gcc/x86_64-w64-mingw32/16.1.0/../../../../x86_64-w64-mingw32/bin/ld.exe: C:\Users\Admin\Desktop\AerolineaAplicacion\build\obj\ModuloMantenimiento.cpp.o:ModuloMantenimiento.cpp:(.text+0x14f3): undefined reference to `UI::orange()'
C:/ProgramData/mingw64/mingw64/bin/../lib/gcc/x86_64-w64-mingw32/16.1.0/../../../../x86_64-w64-mingw32/bin/ld.exe: C:\Users\Admin\Desktop\AerolineaAplicacion\build\obj\ModuloMantenimiento.cpp.o:ModuloMantenimiento.cpp:(.text+0x1512): undefined reference to `UI::muted()'
C:/ProgramData/mingw64/mingw64/bin/../lib/gcc/x86_64-w64-mingw32/16.1.0/../../../../x86_64-w64-mingw32/bin/ld.exe: C:\Users\Admin\Desktop\AerolineaAplicacion\build\obj\ModuloMantenimiento.cpp.o:ModuloMantenimiento.cpp:(.text+0x1538): undefined reference to `UI::orange()'
C:/ProgramData/mingw64/mingw64/bin/../lib/gcc/x86_64-w64-mingw32/16.1.0/../../../../x86_64-w64-mingw32/bin/ld.exe: C:\Users\Admin\Desktop\AerolineaAplicacion\build\obj\ModuloMantenimiento.cpp.o:ModuloMantenimiento.cpp:(.text+0x1557): undefined reference to `UI::muted()'
C:/ProgramData/mingw64/mingw64/bin/../lib/gcc/x86_64-w64-mingw32/16.1.0/../../../../x86_64-w64-mingw32/bin/ld.exe: C:\Users\Admin\Desktop\AerolineaAplicacion\build\obj\ModuloMantenimiento.cpp.o:ModuloMantenimiento.cpp:(.text+0x166e): undefined reference to `VueloDAO::listarPorAvion(int) const'
C:/ProgramData/mingw64/mingw64/bin/../lib/gcc/x86_64-w64-mingw32/16.1.0/../../../../x86_64-w64-mingw32/bin/ld.exe: C:\Users\Admin\Desktop\AerolineaAplicacion\build\obj\ModuloMantenimiento.cpp.o:ModuloMantenimiento.cpp:(.text+0x1a0e): undefined reference to `UI::green()'
C:/ProgramData/mingw64/mingw64/bin/../lib/gcc/x86_64-w64-mingw32/16.1.0/../../../../x86_64-w64-mingw32/bin/ld.exe: C:\Users\Admin\Desktop\AerolineaAplicacion\build\obj\ModuloMantenimiento.cpp.o:ModuloMantenimiento.cpp:(.text+0x1a35): undefined reference to `UI::blue()'
C:/ProgramData/mingw64/mingw64/bin/../lib/gcc/x86_64-w64-mingw32/16.1.0/../../../../x86_64-w64-mingw32/bin/ld.exe: C:\Users\Admin\Desktop\AerolineaAplicacion\build\obj\ModuloMantenimiento.cpp.o:ModuloMantenimiento.cpp:(.text+0x1a59): undefined reference to `UI::muted()'
C:/ProgramData/mingw64/mingw64/bin/../lib/gcc/x86_64-w64-mingw32/16.1.0/../../../../x86_64-w64-mingw32/bin/ld.exe: C:\Users\Admin\Desktop\AerolineaAplicacion\build\obj\ModuloMantenimiento.cpp.o:ModuloMantenimiento.cpp:(.text+0x1a7d): undefined reference to `UI::orange()'
C:/ProgramData/mingw64/mingw64/bin/../lib/gcc/x86_64-w64-mingw32/16.1.0/../../../../x86_64-w64-mingw32/bin/ld.exe: C:\Users\Admin\Desktop\AerolineaAplicacion\build\obj\ModuloMantenimiento.cpp.o:ModuloMantenimiento.cpp:(.text+0x1cb7): undefined reference to `UI::navy()'
C:/ProgramData/mingw64/mingw64/bin/../lib/gcc/x86_64-w64-mingw32/16.1.0/../../../../x86_64-w64-mingw32/bin/ld.exe: C:\Users\Admin\Desktop\AerolineaAplicacion\build\obj\ModuloMantenimiento.cpp.o:ModuloMantenimiento.cpp:(.text+0x1e39): undefined reference to `UI::border()'
C:/ProgramData/mingw64/mingw64/bin/../lib/gcc/x86_64-w64-mingw32/16.1.0/../../../../x86_64-w64-mingw32/bin/ld.exe: C:\Users\Admin\Desktop\AerolineaAplicacion\build\obj\ModuloMantenimiento.cpp.o:ModuloMantenimiento.cpp:(.text+0x1e6d): undefined reference to `UI::navy()'
C:/ProgramData/mingw64/mingw64/bin/../lib/gcc/x86_64-w64-mingw32/16.1.0/../../../../x86_64-w64-mingw32/bin/ld.exe: C:\Users\Admin\Desktop\AerolineaAplicacion\build\obj\ModuloMantenimiento.cpp.o:ModuloMantenimiento.cpp:(.text+0x1ede): undefined reference to `VueloDAO::listarPorAvion(int) const'
C:/ProgramData/mingw64/mingw64/bin/../lib/gcc/x86_64-w64-mingw32/16.1.0/../../../../x86_64-w64-mingw32/bin/ld.exe: C:\Users\Admin\Desktop\AerolineaAplicacion\build\obj\ModuloMantenimiento.cpp.o:ModuloMantenimiento.cpp:(.text+0x20b6): undefined reference to `UI::green()'
C:/ProgramData/mingw64/mingw64/bin/../lib/gcc/x86_64-w64-mingw32/16.1.0/../../../../x86_64-w64-mingw32/bin/ld.exe: C:\Users\Admin\Desktop\AerolineaAplicacion\build\obj\ModuloMantenimiento.cpp.o:ModuloMantenimiento.cpp:(.text+0x20dd): undefined reference to `UI::blue()'
C:/ProgramData/mingw64/mingw64/bin/../lib/gcc/x86_64-w64-mingw32/16.1.0/../../../../x86_64-w64-mingw32/bin/ld.exe: C:\Users\Admin\Desktop\AerolineaAplicacion\build\obj\ModuloMantenimiento.cpp.o:ModuloMantenimiento.cpp:(.text+0x2104): undefined reference to `UI::muted()'
C:/ProgramData/mingw64/mingw64/bin/../lib/gcc/x86_64-w64-mingw32/16.1.0/../../../../x86_64-w64-mingw32/bin/ld.exe: C:\Users\Admin\Desktop\AerolineaAplicacion\build\obj\ModuloMantenimiento.cpp.o:ModuloMantenimiento.cpp:(.text+0x2146): undefined reference to `UI::orange()'
C:/ProgramData/mingw64/mingw64/bin/../lib/gcc/x86_64-w64-mingw32/16.1.0/../../../../x86_64-w64-mingw32/bin/ld.exe: C:\Users\Admin\Desktop\AerolineaAplicacion\build\obj\ModuloMantenimiento.cpp.o:ModuloMantenimiento.cpp:(.text+0x2182): undefined reference to `UI::orange()'
C:/ProgramData/mingw64/mingw64/bin/../lib/gcc/x86_64-w64-mingw32/16.1.0/../../../../x86_64-w64-mingw32/bin/ld.exe: C:\Users\Admin\Desktop\AerolineaAplicacion\build\obj\ModuloMantenimiento.cpp.o:ModuloMantenimiento.cpp:(.text+0x2213): undefined reference to `UI::navy()'
C:/ProgramData/mingw64/mingw64/bin/../lib/gcc/x86_64-w64-mingw32/16.1.0/../../../../x86_64-w64-mingw32/bin/ld.exe: C:\Users\Admin\Desktop\AerolineaAplicacion\build\obj\ModuloMantenimiento.cpp.o:ModuloMantenimiento.cpp:(.text+0x2257): undefined reference to `UI::textoRecortado(std::__cxx11::basic_string<char, std::char_traits<char>, std::allocator<char> > const&, int, int, int, Color, int)'
C:/ProgramData/mingw64/mingw64/bin/../lib/gcc/x86_64-w64-mingw32/16.1.0/../../../../x86_64-w64-mingw32/bin/ld.exe: C:\Users\Admin\Desktop\AerolineaAplicacion\build\obj\ModuloMantenimiento.cpp.o:ModuloMantenimiento.cpp:(.text+0x23ea): undefined reference to `UI::textoRecortado(std::__cxx11::basic_string<char, std::char_traits<char>, std::allocator<char> > const&, int, int, int, Color, int)'
C:/ProgramData/mingw64/mingw64/bin/../lib/gcc/x86_64-w64-mingw32/16.1.0/../../../../x86_64-w64-mingw32/bin/ld.exe: C:\Users\Admin\Desktop\AerolineaAplicacion\build\obj\ModuloMantenimiento.cpp.o:ModuloMantenimiento.cpp:(.text+0x23ef): undefined reference to `UI::muted()'
C:/ProgramData/mingw64/mingw64/bin/../lib/gcc/x86_64-w64-mingw32/16.1.0/../../../../x86_64-w64-mingw32/bin/ld.exe: C:\Users\Admin\Desktop\AerolineaAplicacion\build\obj\ModuloMantenimiento.cpp.o:ModuloMantenimiento.cpp:(.text+0x246b): undefined reference to `UI::muted()'
C:/ProgramData/mingw64/mingw64/bin/../lib/gcc/x86_64-w64-mingw32/16.1.0/../../../../x86_64-w64-mingw32/bin/ld.exe: C:\Users\Admin\Desktop\AerolineaAplicacion\build\obj\ModuloMantenimiento.cpp.o:ModuloMantenimiento.cpp:(.text+0x2491): undefined reference to `UI::muted()'
C:/ProgramData/mingw64/mingw64/bin/../lib/gcc/x86_64-w64-mingw32/16.1.0/../../../../x86_64-w64-mingw32/bin/ld.exe: C:\Users\Admin\Desktop\AerolineaAplicacion\build\obj\ModuloMantenimiento.cpp.o:ModuloMantenimiento.cpp:(.text+0x24d4): undefined reference to `UI::muted()'
C:/ProgramData/mingw64/mingw64/bin/../lib/gcc/x86_64-w64-mingw32/16.1.0/../../../../x86_64-w64-mingw32/bin/ld.exe: C:\Users\Admin\Desktop\AerolineaAplicacion\build\obj\ModuloMantenimiento.cpp.o:ModuloMantenimiento.cpp:(.text+0x2759): undefined reference to `UI::textoRecortado(std::__cxx11::basic_string<char, std::char_traits<char>, std::allocator<char> > const&, int, int, int, Color, int)'
C:/ProgramData/mingw64/mingw64/bin/../lib/gcc/x86_64-w64-mingw32/16.1.0/../../../../x86_64-w64-mingw32/bin/ld.exe: C:\Users\Admin\Desktop\AerolineaAplicacion\build\obj\ModuloMantenimiento.cpp.o:ModuloMantenimiento.cpp:(.text+0x27d3): undefined reference to `UI::muted()'
C:/ProgramData/mingw64/mingw64/bin/../lib/gcc/x86_64-w64-mingw32/16.1.0/../../../../x86_64-w64-mingw32/bin/ld.exe: C:\Users\Admin\Desktop\AerolineaAplicacion\build\obj\ModuloMantenimiento.cpp.o:ModuloMantenimiento.cpp:(.text+0x2a42): undefined reference to `UI::muted()'
C:/ProgramData/mingw64/mingw64/bin/../lib/gcc/x86_64-w64-mingw32/16.1.0/../../../../x86_64-w64-mingw32/bin/ld.exe: C:\Users\Admin\Desktop\AerolineaAplicacion\build\obj\ModuloMantenimiento.cpp.o:ModuloMantenimiento.cpp:(.text+0x2aee): undefined reference to `UI::border()'
C:/ProgramData/mingw64/mingw64/bin/../lib/gcc/x86_64-w64-mingw32/16.1.0/../../../../x86_64-w64-mingw32/bin/ld.exe: C:\Users\Admin\Desktop\AerolineaAplicacion\build\obj\ModuloMantenimiento.cpp.o:ModuloMantenimiento.cpp:(.text+0x2f70): undefined reference to `UI::orange()'
C:/ProgramData/mingw64/mingw64/bin/../lib/gcc/x86_64-w64-mingw32/16.1.0/../../../../x86_64-w64-mingw32/bin/ld.exe: C:\Users\Admin\Desktop\AerolineaAplicacion\build\obj\ModuloMantenimiento.cpp.o:ModuloMantenimiento.cpp:(.text+0x2f95): undefined reference to `UI::green()'
C:/ProgramData/mingw64/mingw64/bin/../lib/gcc/x86_64-w64-mingw32/16.1.0/../../../../x86_64-w64-mingw32/bin/ld.exe: C:\Users\Admin\Desktop\AerolineaAplicacion\build\obj\ModuloMantenimiento.cpp.o:ModuloMantenimiento.cpp:(.text+0x2fe0): undefined reference to `UI::orange()'
C:/ProgramData/mingw64/mingw64/bin/../lib/gcc/x86_64-w64-mingw32/16.1.0/../../../../x86_64-w64-mingw32/bin/ld.exe: C:\Users\Admin\Desktop\AerolineaAplicacion\build\obj\ModuloMantenimiento.cpp.o:ModuloMantenimiento.cpp:(.text+0x2fe9): undefined reference to `UI::border()'
C:/ProgramData/mingw64/mingw64/bin/../lib/gcc/x86_64-w64-mingw32/16.1.0/../../../../x86_64-w64-mingw32/bin/ld.exe: C:\Users\Admin\Desktop\AerolineaAplicacion\build\obj\ModuloMantenimiento.cpp.o:ModuloMantenimiento.cpp:(.text+0x31b2): undefined reference to `UI::muted()'
C:/ProgramData/mingw64/mingw64/bin/../lib/gcc/x86_64-w64-mingw32/16.1.0/../../../../x86_64-w64-mingw32/bin/ld.exe: C:\Users\Admin\Desktop\AerolineaAplicacion\build\obj\ModuloMantenimiento.cpp.o:ModuloMantenimiento.cpp:(.text+0x3273): undefined reference to `UI::muted()'
C:/ProgramData/mingw64/mingw64/bin/../lib/gcc/x86_64-w64-mingw32/16.1.0/../../../../x86_64-w64-mingw32/bin/ld.exe: C:\Users\Admin\Desktop\AerolineaAplicacion\build\obj\ModuloMantenimiento.cpp.o:ModuloMantenimiento.cpp:(.text+0x33af): undefined reference to `UI::navy()'
C:/ProgramData/mingw64/mingw64/bin/../lib/gcc/x86_64-w64-mingw32/16.1.0/../../../../x86_64-w64-mingw32/bin/ld.exe: C:\Users\Admin\Desktop\AerolineaAplicacion\build\obj\ModuloMantenimiento.cpp.o:ModuloMantenimiento.cpp:(.text+0x33d5): undefined reference to `UI::muted()'
C:/ProgramData/mingw64/mingw64/bin/../lib/gcc/x86_64-w64-mingw32/16.1.0/../../../../x86_64-w64-mingw32/bin/ld.exe: C:\Users\Admin\Desktop\AerolineaAplicacion\build\obj\ModuloMantenimiento.cpp.o:ModuloMantenimiento.cpp:(.text+0x34d9): undefined reference to `UI::input(Rectangle, std::__cxx11::basic_string<char, std::char_traits<char>, std::allocator<char> > const&, std::__cxx11::basic_string<char, std::char_traits<char>, std::allocator<char> > const&, bool, bool)'
C:/ProgramData/mingw64/mingw64/bin/../lib/gcc/x86_64-w64-mingw32/16.1.0/../../../../x86_64-w64-mingw32/bin/ld.exe: C:\Users\Admin\Desktop\AerolineaAplicacion\build\obj\ModuloMantenimiento.cpp.o:ModuloMantenimiento.cpp:(.text+0x35e3): undefined reference to `UI::input(Rectangle, std::__cxx11::basic_string<char, std::char_traits<char>, std::allocator<char> > const&, std::__cxx11::basic_string<char, std::char_traits<char>, std::allocator<char> > const&, bool, bool)'
C:/ProgramData/mingw64/mingw64/bin/../lib/gcc/x86_64-w64-mingw32/16.1.0/../../../../x86_64-w64-mingw32/bin/ld.exe: C:\Users\Admin\Desktop\AerolineaAplicacion\build\obj\ModuloMantenimiento.cpp.o:ModuloMantenimiento.cpp:(.text+0x36fc): undefined reference to `UI::input(Rectangle, std::__cxx11::basic_string<char, std::char_traits<char>, std::allocator<char> > const&, std::__cxx11::basic_string<char, std::char_traits<char>, std::allocator<char> > const&, bool, bool)'
C:/ProgramData/mingw64/mingw64/bin/../lib/gcc/x86_64-w64-mingw32/16.1.0/../../../../x86_64-w64-mingw32/bin/ld.exe: C:\Users\Admin\Desktop\AerolineaAplicacion\build\obj\ModuloMantenimiento.cpp.o:ModuloMantenimiento.cpp:(.text+0x374f): undefined reference to `UI::capturarTexto(std::__cxx11::basic_string<char, std::char_traits<char>, std::allocator<char> >&, int)'
C:/ProgramData/mingw64/mingw64/bin/../lib/gcc/x86_64-w64-mingw32/16.1.0/../../../../x86_64-w64-mingw32/bin/ld.exe: C:\Users\Admin\Desktop\AerolineaAplicacion\build\obj\ModuloMantenimiento.cpp.o:ModuloMantenimiento.cpp:(.text+0x377b): undefined reference to `UI::capturarTexto(std::__cxx11::basic_string<char, std::char_traits<char>, std::allocator<char> >&, int)'
C:/ProgramData/mingw64/mingw64/bin/../lib/gcc/x86_64-w64-mingw32/16.1.0/../../../../x86_64-w64-mingw32/bin/ld.exe: C:\Users\Admin\Desktop\AerolineaAplicacion\build\obj\ModuloMantenimiento.cpp.o:ModuloMantenimiento.cpp:(.text+0x37a7): undefined reference to `UI::capturarTexto(std::__cxx11::basic_string<char, std::char_traits<char>, std::allocator<char> >&, int)'
C:/ProgramData/mingw64/mingw64/bin/../lib/gcc/x86_64-w64-mingw32/16.1.0/../../../../x86_64-w64-mingw32/bin/ld.exe: C:\Users\Admin\Desktop\AerolineaAplicacion\build\obj\ModuloMantenimiento.cpp.o:ModuloMantenimiento.cpp:(.text+0x37ac): undefined reference to `UI::green()'
C:/ProgramData/mingw64/mingw64/bin/../lib/gcc/x86_64-w64-mingw32/16.1.0/../../../../x86_64-w64-mingw32/bin/ld.exe: C:\Users\Admin\Desktop\AerolineaAplicacion\build\obj\ModuloMantenimiento.cpp.o:ModuloMantenimiento.cpp:(.text+0x386b): undefined reference to `UI::botonSecundario(Rectangle, std::__cxx11::basic_string<char, std::char_traits<char>, std::allocator<char> > const&, Color)'
C:/ProgramData/mingw64/mingw64/bin/../lib/gcc/x86_64-w64-mingw32/16.1.0/../../../../x86_64-w64-mingw32/bin/ld.exe: C:\Users\Admin\Desktop\AerolineaAplicacion\build\obj\ModuloMantenimiento.cpp.o:ModuloMantenimiento.cpp:(.text+0x38a2): undefined reference to `UI::orange()'
C:/ProgramData/mingw64/mingw64/bin/../lib/gcc/x86_64-w64-mingw32/16.1.0/../../../../x86_64-w64-mingw32/bin/ld.exe: C:\Users\Admin\Desktop\AerolineaAplicacion\build\obj\ModuloMantenimiento.cpp.o:ModuloMantenimiento.cpp:(.text+0x3961): undefined reference to `UI::botonSecundario(Rectangle, std::__cxx11::basic_string<char, std::char_traits<char>, std::allocator<char> > const&, Color)'
C:/ProgramData/mingw64/mingw64/bin/../lib/gcc/x86_64-w64-mingw32/16.1.0/../../../../x86_64-w64-mingw32/bin/ld.exe: C:\Users\Admin\Desktop\AerolineaAplicacion\build\obj\ModuloMantenimiento.cpp.o:ModuloMantenimiento.cpp:(.text+0x3a70): undefined reference to `UI::botonSecundario(Rectangle, std::__cxx11::basic_string<char, std::char_traits<char>, std::allocator<char> > const&, Color)'
C:/ProgramData/mingw64/mingw64/bin/../lib/gcc/x86_64-w64-mingw32/16.1.0/../../../../x86_64-w64-mingw32/bin/ld.exe: C:\Users\Admin\Desktop\AerolineaAplicacion\build\obj\ModuloMantenimiento.cpp.o:ModuloMantenimiento.cpp:(.text+0x3aa7): undefined reference to `UI::orange()'
C:/ProgramData/mingw64/mingw64/bin/../lib/gcc/x86_64-w64-mingw32/16.1.0/../../../../x86_64-w64-mingw32/bin/ld.exe: C:\Users\Admin\Desktop\AerolineaAplicacion\build\obj\ModuloMantenimiento.cpp.o:ModuloMantenimiento.cpp:(.text+0x3b66): undefined reference to `UI::boton(Rectangle, std::__cxx11::basic_string<char, std::char_traits<char>, std::allocator<char> > const&, Color)'
C:/ProgramData/mingw64/mingw64/bin/../lib/gcc/x86_64-w64-mingw32/16.1.0/../../../../x86_64-w64-mingw32/bin/ld.exe: C:\Users\Admin\Desktop\AerolineaAplicacion\build\obj\ModuloMantenimiento.cpp.o:ModuloMantenimiento.cpp:(.text+0x3baf): undefined reference to `ConexionDB::convertirEntero(std::__cxx11::basic_string<char, std::char_traits<char>, std::allocator<char> > const&, int)'
C:/ProgramData/mingw64/mingw64/bin/../lib/gcc/x86_64-w64-mingw32/16.1.0/../../../../x86_64-w64-mingw32/bin/ld.exe: C:\Users\Admin\Desktop\AerolineaAplicacion\build\obj\ModuloMantenimiento.cpp.o:ModuloMantenimiento.cpp:(.text+0x3bd9): undefined reference to `AvionDAO::crear(std::__cxx11::basic_string<char, std::char_traits<char>, std::allocator<char> > const&, int, std::__cxx11::basic_string<char, std::char_traits<char>, std::allocator<char> > const&)'
C:/ProgramData/mingw64/mingw64/bin/../lib/gcc/x86_64-w64-mingw32/16.1.0/../../../../x86_64-w64-mingw32/bin/ld.exe: C:\Users\Admin\Desktop\AerolineaAplicacion\build\obj\ModuloMantenimiento.cpp.o:ModuloMantenimiento.cpp:(.text+0x3dc1): undefined reference to `UI::green()'
C:/ProgramData/mingw64/mingw64/bin/../lib/gcc/x86_64-w64-mingw32/16.1.0/../../../../x86_64-w64-mingw32/bin/ld.exe: C:\Users\Admin\Desktop\AerolineaAplicacion\build\obj\ModuloMantenimiento.cpp.o:ModuloMantenimiento.cpp:(.text+0x3fa7): undefined reference to `UI::navy()'
C:/ProgramData/mingw64/mingw64/bin/../lib/gcc/x86_64-w64-mingw32/16.1.0/../../../../x86_64-w64-mingw32/bin/ld.exe: C:\Users\Admin\Desktop\AerolineaAplicacion\build\obj\ModuloMantenimiento.cpp.o:ModuloMantenimiento.cpp:(.text+0x3fcd): undefined reference to `UI::muted()'
C:/ProgramData/mingw64/mingw64/bin/../lib/gcc/x86_64-w64-mingw32/16.1.0/../../../../x86_64-w64-mingw32/bin/ld.exe: C:\Users\Admin\Desktop\AerolineaAplicacion\build\obj\ModuloMantenimiento.cpp.o:ModuloMantenimiento.cpp:(.text+0x3ff3): undefined reference to `UI::muted()'
C:/ProgramData/mingw64/mingw64/bin/../lib/gcc/x86_64-w64-mingw32/16.1.0/../../../../x86_64-w64-mingw32/bin/ld.exe: C:\Users\Admin\Desktop\AerolineaAplicacion\build\obj\ModuloMantenimiento.cpp.o:ModuloMantenimiento.cpp:(.text+0x417a): undefined reference to `UI::orange()'
C:/ProgramData/mingw64/mingw64/bin/../lib/gcc/x86_64-w64-mingw32/16.1.0/../../../../x86_64-w64-mingw32/bin/ld.exe: C:\Users\Admin\Desktop\AerolineaAplicacion\build\obj\ModuloMantenimiento.cpp.o:ModuloMantenimiento.cpp:(.text+0x4183): undefined reference to `UI::muted()'
C:/ProgramData/mingw64/mingw64/bin/../lib/gcc/x86_64-w64-mingw32/16.1.0/../../../../x86_64-w64-mingw32/bin/ld.exe: C:\Users\Admin\Desktop\AerolineaAplicacion\build\obj\ModuloMantenimiento.cpp.o:ModuloMantenimiento.cpp:(.text+0x4233): undefined reference to `UI::botonSecundario(Rectangle, std::__cxx11::basic_string<char, std::char_traits<char>, std::allocator<char> > const&, Color)'
C:/ProgramData/mingw64/mingw64/bin/../lib/gcc/x86_64-w64-mingw32/16.1.0/../../../../x86_64-w64-mingw32/bin/ld.exe: C:\Users\Admin\Desktop\AerolineaAplicacion\build\obj\ModuloMantenimiento.cpp.o:ModuloMantenimiento.cpp:(.text+0x43fc): undefined reference to `UI::input(Rectangle, std::__cxx11::basic_string<char, std::char_traits<char>, std::allocator<char> > const&, std::__cxx11::basic_string<char, std::char_traits<char>, std::allocator<char> > const&, bool, bool)'
C:/ProgramData/mingw64/mingw64/bin/../lib/gcc/x86_64-w64-mingw32/16.1.0/../../../../x86_64-w64-mingw32/bin/ld.exe: C:\Users\Admin\Desktop\AerolineaAplicacion\build\obj\ModuloMantenimiento.cpp.o:ModuloMantenimiento.cpp:(.text+0x444f): undefined reference to `UI::capturarTexto(std::__cxx11::basic_string<char, std::char_traits<char>, std::allocator<char> >&, int)'
C:/ProgramData/mingw64/mingw64/bin/../lib/gcc/x86_64-w64-mingw32/16.1.0/../../../../x86_64-w64-mingw32/bin/ld.exe: C:\Users\Admin\Desktop\AerolineaAplicacion\build\obj\ModuloMantenimiento.cpp.o:ModuloMantenimiento.cpp:(.text+0x4454): undefined reference to `UI::orange()'
C:/ProgramData/mingw64/mingw64/bin/../lib/gcc/x86_64-w64-mingw32/16.1.0/../../../../x86_64-w64-mingw32/bin/ld.exe: C:\Users\Admin\Desktop\AerolineaAplicacion\build\obj\ModuloMantenimiento.cpp.o:ModuloMantenimiento.cpp:(.text+0x4513): undefined reference to `UI::botonSecundario(Rectangle, std::__cxx11::basic_string<char, std::char_traits<char>, std::allocator<char> > const&, Color)'
C:/ProgramData/mingw64/mingw64/bin/../lib/gcc/x86_64-w64-mingw32/16.1.0/../../../../x86_64-w64-mingw32/bin/ld.exe: C:\Users\Admin\Desktop\AerolineaAplicacion\build\obj\ModuloMantenimiento.cpp.o:ModuloMantenimiento.cpp:(.text+0x4622): undefined reference to `UI::botonSecundario(Rectangle, std::__cxx11::basic_string<char, std::char_traits<char>, std::allocator<char> > const&, Color)'
C:/ProgramData/mingw64/mingw64/bin/../lib/gcc/x86_64-w64-mingw32/16.1.0/../../../../x86_64-w64-mingw32/bin/ld.exe: C:\Users\Admin\Desktop\AerolineaAplicacion\build\obj\ModuloMantenimiento.cpp.o:ModuloMantenimiento.cpp:(.text+0x4659): undefined reference to `UI::green()'
C:/ProgramData/mingw64/mingw64/bin/../lib/gcc/x86_64-w64-mingw32/16.1.0/../../../../x86_64-w64-mingw32/bin/ld.exe: C:\Users\Admin\Desktop\AerolineaAplicacion\build\obj\ModuloMantenimiento.cpp.o:ModuloMantenimiento.cpp:(.text+0x470f): undefined reference to `UI::botonSecundario(Rectangle, std::__cxx11::basic_string<char, std::char_traits<char>, std::allocator<char> > const&, Color)'
C:/ProgramData/mingw64/mingw64/bin/../lib/gcc/x86_64-w64-mingw32/16.1.0/../../../../x86_64-w64-mingw32/bin/ld.exe: C:\Users\Admin\Desktop\AerolineaAplicacion\build\obj\ModuloMantenimiento.cpp.o:ModuloMantenimiento.cpp:(.text+0x4746): undefined reference to `UI::orange()'
C:/ProgramData/mingw64/mingw64/bin/../lib/gcc/x86_64-w64-mingw32/16.1.0/../../../../x86_64-w64-mingw32/bin/ld.exe: C:\Users\Admin\Desktop\AerolineaAplicacion\build\obj\ModuloMantenimiento.cpp.o:ModuloMantenimiento.cpp:(.text+0x47fc): undefined reference to `UI::boton(Rectangle, std::__cxx11::basic_string<char, std::char_traits<char>, std::allocator<char> > const&, Color)'
C:/ProgramData/mingw64/mingw64/bin/../lib/gcc/x86_64-w64-mingw32/16.1.0/../../../../x86_64-w64-mingw32/bin/ld.exe: C:\Users\Admin\Desktop\AerolineaAplicacion\build\obj\ModuloMantenimiento.cpp.o:ModuloMantenimiento.cpp:(.text+0x4830): undefined reference to `ConexionDB::convertirEntero(std::__cxx11::basic_string<char, std::char_traits<char>, std::allocator<char> > const&, int)'
C:/ProgramData/mingw64/mingw64/bin/../lib/gcc/x86_64-w64-mingw32/16.1.0/../../../../x86_64-w64-mingw32/bin/ld.exe: C:\Users\Admin\Desktop\AerolineaAplicacion\build\obj\ModuloMantenimiento.cpp.o:ModuloMantenimiento.cpp:(.text+0x485c): undefined reference to `AvionDAO::actualizarEstado(int, std::__cxx11::basic_string<char, std::char_traits<char>, std::allocator<char> > const&)'
C:/ProgramData/mingw64/mingw64/bin/../lib/gcc/x86_64-w64-mingw32/16.1.0/../../../../x86_64-w64-mingw32/bin/ld.exe: C:\Users\Admin\Desktop\AerolineaAplicacion\build\obj\ModuloMantenimiento.cpp.o:ModuloMantenimiento.cpp:(.text+0x4913): undefined reference to `UI::green()'
C:/ProgramData/mingw64/mingw64/bin/../lib/gcc/x86_64-w64-mingw32/16.1.0/../../../../x86_64-w64-mingw32/bin/ld.exe: C:\Users\Admin\Desktop\AerolineaAplicacion\build\obj\ModuloMantenimiento.cpp.o:ModuloMantenimiento.cpp:(.text+0x4abf): undefined reference to `UI::muted()'
C:/ProgramData/mingw64/mingw64/bin/../lib/gcc/x86_64-w64-mingw32/16.1.0/../../../../x86_64-w64-mingw32/bin/ld.exe: C:\Users\Admin\Desktop\AerolineaAplicacion\build\obj\ModuloMantenimiento.cpp.o:ModuloMantenimiento.cpp:(.text+0x4b71): undefined reference to `VueloDAO::listarPorAvion(int) const'
C:/ProgramData/mingw64/mingw64/bin/../lib/gcc/x86_64-w64-mingw32/16.1.0/../../../../x86_64-w64-mingw32/bin/ld.exe: C:\Users\Admin\Desktop\AerolineaAplicacion\build\obj\ModuloMantenimiento.cpp.o:ModuloMantenimiento.cpp:(.text+0x4ef0): undefined reference to `UI::textoRecortado(std::__cxx11::basic_string<char, std::char_traits<char>, std::allocator<char> > const&, int, int, int, Color, int)'
C:/ProgramData/mingw64/mingw64/bin/../lib/gcc/x86_64-w64-mingw32/16.1.0/../../../../x86_64-w64-mingw32/bin/ld.exe: C:\Users\Admin\Desktop\AerolineaAplicacion\build\obj\ModuloMantenimiento.cpp.o:ModuloMantenimiento.cpp:(.text+0x508e): undefined reference to `UI::orange()'
C:/ProgramData/mingw64/mingw64/bin/../lib/gcc/x86_64-w64-mingw32/16.1.0/../../../../x86_64-w64-mingw32/bin/ld.exe: C:\Users\Admin\Desktop\AerolineaAplicacion\build\obj\ModuloMantenimiento.cpp.o:ModuloMantenimiento.cpp:(.text+0x5109): undefined reference to `UI::shellModulo(std::__cxx11::basic_string<char, std::char_traits<char>, std::allocator<char> > const&, std::__cxx11::basic_string<char, std::char_traits<char>, std::allocator<char> > const&, Color, int)'
C:/ProgramData/mingw64/mingw64/bin/../lib/gcc/x86_64-w64-mingw32/16.1.0/../../../../x86_64-w64-mingw32/bin/ld.exe: C:\Users\Admin\Desktop\AerolineaAplicacion\build\obj\ModuloMantenimiento.cpp.o:ModuloMantenimiento.cpp:(.text+0x5205): undefined reference to `UI::navy()'
C:/ProgramData/mingw64/mingw64/bin/../lib/gcc/x86_64-w64-mingw32/16.1.0/../../../../x86_64-w64-mingw32/bin/ld.exe: C:\Users\Admin\Desktop\AerolineaAplicacion\build\obj\ModuloMantenimiento.cpp.o:ModuloMantenimiento.cpp:(.text+0x522b): undefined reference to `UI::orange()'
C:/ProgramData/mingw64/mingw64/bin/../lib/gcc/x86_64-w64-mingw32/16.1.0/../../../../x86_64-w64-mingw32/bin/ld.exe: C:\Users\Admin\Desktop\AerolineaAplicacion\build\obj\ModuloMantenimiento.cpp.o:ModuloMantenimiento.cpp:(.text+0x531b): undefined reference to `UI::aviso(Rectangle, std::__cxx11::basic_string<char, std::char_traits<char>, std::allocator<char> > const&, std::__cxx11::basic_string<char, std::char_traits<char>, std::allocator<char> > const&, Color)'
C:/ProgramData/mingw64/mingw64/bin/../lib/gcc/x86_64-w64-mingw32/16.1.0/../../../../x86_64-w64-mingw32/bin/ld.exe: C:\Users\Admin\Desktop\AerolineaAplicacion\build\obj\ModuloMantenimiento.cpp.o:ModuloMantenimiento.cpp:(.text+0x5340): undefined reference to `UI::navy()'
C:/ProgramData/mingw64/mingw64/bin/../lib/gcc/x86_64-w64-mingw32/16.1.0/../../../../x86_64-w64-mingw32/bin/ld.exe: C:\Users\Admin\Desktop\AerolineaAplicacion\build\obj\ModuloMantenimiento.cpp.o:ModuloMantenimiento.cpp:(.text+0x5366): undefined reference to `UI::muted()'
C:/ProgramData/mingw64/mingw64/bin/../lib/gcc/x86_64-w64-mingw32/16.1.0/../../../../x86_64-w64-mingw32/bin/ld.exe: C:\Users\Admin\Desktop\AerolineaAplicacion\build\obj\ModuloMantenimiento.cpp.o:ModuloMantenimiento.cpp:(.text+0x5499): undefined reference to `UI::orange()'
C:/ProgramData/mingw64/mingw64/bin/../lib/gcc/x86_64-w64-mingw32/16.1.0/../../../../x86_64-w64-mingw32/bin/ld.exe: C:\Users\Admin\Desktop\AerolineaAplicacion\build\obj\ModuloMantenimiento.cpp.o:ModuloMantenimiento.cpp:(.text+0x54a2): undefined reference to `UI::muted()'
C:/ProgramData/mingw64/mingw64/bin/../lib/gcc/x86_64-w64-mingw32/16.1.0/../../../../x86_64-w64-mingw32/bin/ld.exe: C:\Users\Admin\Desktop\AerolineaAplicacion\build\obj\ModuloMantenimiento.cpp.o:ModuloMantenimiento.cpp:(.text+0x554d): undefined reference to `UI::botonSecundario(Rectangle, std::__cxx11::basic_string<char, std::char_traits<char>, std::allocator<char> > const&, Color)'
C:/ProgramData/mingw64/mingw64/bin/../lib/gcc/x86_64-w64-mingw32/16.1.0/../../../../x86_64-w64-mingw32/bin/ld.exe: C:\Users\Admin\Desktop\AerolineaAplicacion\build\obj\ModuloMantenimiento.cpp.o:ModuloMantenimiento.cpp:(.text+0x56f7): undefined reference to `UI::input(Rectangle, std::__cxx11::basic_string<char, std::char_traits<char>, std::allocator<char> > const&, std::__cxx11::basic_string<char, std::char_traits<char>, std::allocator<char> > const&, bool, bool)'
C:/ProgramData/mingw64/mingw64/bin/../lib/gcc/x86_64-w64-mingw32/16.1.0/../../../../x86_64-w64-mingw32/bin/ld.exe: C:\Users\Admin\Desktop\AerolineaAplicacion\build\obj\ModuloMantenimiento.cpp.o:ModuloMantenimiento.cpp:(.text+0x574a): undefined reference to `UI::capturarTexto(std::__cxx11::basic_string<char, std::char_traits<char>, std::allocator<char> >&, int)'
C:/ProgramData/mingw64/mingw64/bin/../lib/gcc/x86_64-w64-mingw32/16.1.0/../../../../x86_64-w64-mingw32/bin/ld.exe: C:\Users\Admin\Desktop\AerolineaAplicacion\build\obj\ModuloMantenimiento.cpp.o:ModuloMantenimiento.cpp:(.text+0x574f): undefined reference to `UI::orange()'
C:/ProgramData/mingw64/mingw64/bin/../lib/gcc/x86_64-w64-mingw32/16.1.0/../../../../x86_64-w64-mingw32/bin/ld.exe: C:\Users\Admin\Desktop\AerolineaAplicacion\build\obj\ModuloMantenimiento.cpp.o:ModuloMantenimiento.cpp:(.text+0x5802): undefined reference to `UI::boton(Rectangle, std::__cxx11::basic_string<char, std::char_traits<char>, std::allocator<char> > const&, Color)'
C:/ProgramData/mingw64/mingw64/bin/../lib/gcc/x86_64-w64-mingw32/16.1.0/../../../../x86_64-w64-mingw32/bin/ld.exe: C:\Users\Admin\Desktop\AerolineaAplicacion\build\obj\ModuloMantenimiento.cpp.o:ModuloMantenimiento.cpp:(.text+0x59d6): undefined reference to `NotificacionDAO::crear(int, std::__cxx11::basic_string<char, std::char_traits<char>, std::allocator<char> > const&, std::__cxx11::basic_string<char, std::char_traits<char>, std::allocator<char> > const&)'
C:/ProgramData/mingw64/mingw64/bin/../lib/gcc/x86_64-w64-mingw32/16.1.0/../../../../x86_64-w64-mingw32/bin/ld.exe: C:\Users\Admin\Desktop\AerolineaAplicacion\build\obj\ModuloMantenimiento.cpp.o:ModuloMantenimiento.cpp:(.text+0x5a54): undefined reference to `UI::green()'
C:/ProgramData/mingw64/mingw64/bin/../lib/gcc/x86_64-w64-mingw32/16.1.0/../../../../x86_64-w64-mingw32/bin/ld.exe: C:\Users\Admin\Desktop\AerolineaAplicacion\build\obj\ModuloMantenimiento.cpp.o:ModuloMantenimiento.cpp:(.text+0x5ac8): undefined reference to `UI::navy()'
C:/ProgramData/mingw64/mingw64/bin/../lib/gcc/x86_64-w64-mingw32/16.1.0/../../../../x86_64-w64-mingw32/bin/ld.exe: C:\Users\Admin\Desktop\AerolineaAplicacion\build\obj\ModuloMantenimiento.cpp.o:ModuloMantenimiento.cpp:(.text+0x5aee): undefined reference to `UI::orange()'
C:/ProgramData/mingw64/mingw64/bin/../lib/gcc/x86_64-w64-mingw32/16.1.0/../../../../x86_64-w64-mingw32/bin/ld.exe: C:\Users\Admin\Desktop\AerolineaAplicacion\build\obj\ModuloMantenimiento.cpp.o:ModuloMantenimiento.cpp:(.text+0x5bd5): undefined reference to `UI::aviso(Rectangle, std::__cxx11::basic_string<char, std::char_traits<char>, std::allocator<char> > const&, std::__cxx11::basic_string<char, std::char_traits<char>, std::allocator<char> > const&, Color)'
C:/ProgramData/mingw64/mingw64/bin/../lib/gcc/x86_64-w64-mingw32/16.1.0/../../../../x86_64-w64-mingw32/bin/ld.exe: C:\Users\Admin\Desktop\AerolineaAplicacion\build\obj\ModuloPasajeros.cpp.o:ModuloPasajeros.cpp:(.text+0x5b9): undefined reference to `PasajeroDAO::PasajeroDAO()'
C:/ProgramData/mingw64/mingw64/bin/../lib/gcc/x86_64-w64-mingw32/16.1.0/../../../../x86_64-w64-mingw32/bin/ld.exe: C:\Users\Admin\Desktop\AerolineaAplicacion\build\obj\ModuloPasajeros.cpp.o:ModuloPasajeros.cpp:(.text+0x5cb): undefined reference to `ReservaDAO::ReservaDAO()'
C:/ProgramData/mingw64/mingw64/bin/../lib/gcc/x86_64-w64-mingw32/16.1.0/../../../../x86_64-w64-mingw32/bin/ld.exe: C:\Users\Admin\Desktop\AerolineaAplicacion\build\obj\ModuloPasajeros.cpp.o:ModuloPasajeros.cpp:(.text+0x5dd): undefined reference to `NotificacionDAO::NotificacionDAO()'
C:/ProgramData/mingw64/mingw64/bin/../lib/gcc/x86_64-w64-mingw32/16.1.0/../../../../x86_64-w64-mingw32/bin/ld.exe: C:\Users\Admin\Desktop\AerolineaAplicacion\build\obj\ModuloPasajeros.cpp.o:ModuloPasajeros.cpp:(.text+0xeb5): undefined reference to `NotificacionDAO::contarNoLeidas(int) const'
C:/ProgramData/mingw64/mingw64/bin/../lib/gcc/x86_64-w64-mingw32/16.1.0/../../../../x86_64-w64-mingw32/bin/ld.exe: C:\Users\Admin\Desktop\AerolineaAplicacion\build\obj\ModuloPasajeros.cpp.o:ModuloPasajeros.cpp:(.text+0xedc): undefined reference to `NotificacionDAO::listarPorModulo(int) const'
C:/ProgramData/mingw64/mingw64/bin/../lib/gcc/x86_64-w64-mingw32/16.1.0/../../../../x86_64-w64-mingw32/bin/ld.exe: C:\Users\Admin\Desktop\AerolineaAplicacion\build\obj\ModuloPasajeros.cpp.o:ModuloPasajeros.cpp:(.text+0xf4e): undefined reference to `ReservaDAO::listarPlanes() const'
C:/ProgramData/mingw64/mingw64/bin/../lib/gcc/x86_64-w64-mingw32/16.1.0/../../../../x86_64-w64-mingw32/bin/ld.exe: C:\Users\Admin\Desktop\AerolineaAplicacion\build\obj\ModuloPasajeros.cpp.o:ModuloPasajeros.cpp:(.text+0xf8e): undefined reference to `ReservaDAO::listarVuelosDisponibles() const'
C:/ProgramData/mingw64/mingw64/bin/../lib/gcc/x86_64-w64-mingw32/16.1.0/../../../../x86_64-w64-mingw32/bin/ld.exe: C:\Users\Admin\Desktop\AerolineaAplicacion\build\obj\ModuloPasajeros.cpp.o:ModuloPasajeros.cpp:(.text+0xfce): undefined reference to `ReservaDAO::listarTiposEquipaje() const'
C:/ProgramData/mingw64/mingw64/bin/../lib/gcc/x86_64-w64-mingw32/16.1.0/../../../../x86_64-w64-mingw32/bin/ld.exe: C:\Users\Admin\Desktop\AerolineaAplicacion\build\obj\ModuloPasajeros.cpp.o:ModuloPasajeros.cpp:(.text+0x100d): undefined reference to `ReservaDAO::listarServicios() const'
C:/ProgramData/mingw64/mingw64/bin/../lib/gcc/x86_64-w64-mingw32/16.1.0/../../../../x86_64-w64-mingw32/bin/ld.exe: C:\Users\Admin\Desktop\AerolineaAplicacion\build\obj\ModuloPasajeros.cpp.o:ModuloPasajeros.cpp:(.text+0x1059): undefined reference to `ConexionDB::convertirEntero(std::__cxx11::basic_string<char, std::char_traits<char>, std::allocator<char> > const&, int)'
C:/ProgramData/mingw64/mingw64/bin/../lib/gcc/x86_64-w64-mingw32/16.1.0/../../../../x86_64-w64-mingw32/bin/ld.exe: C:\Users\Admin\Desktop\AerolineaAplicacion\build\obj\ModuloPasajeros.cpp.o:ModuloPasajeros.cpp:(.text+0x106d): undefined reference to `ReservaDAO::listarAsientosDisponibles[abi:cxx11](int) const'
C:/ProgramData/mingw64/mingw64/bin/../lib/gcc/x86_64-w64-mingw32/16.1.0/../../../../x86_64-w64-mingw32/bin/ld.exe: C:\Users\Admin\Desktop\AerolineaAplicacion\build\obj\ModuloPasajeros.cpp.o:ModuloPasajeros.cpp:(.text+0x10bf): undefined reference to `ReservaDAO::listar() const'
C:/ProgramData/mingw64/mingw64/bin/../lib/gcc/x86_64-w64-mingw32/16.1.0/../../../../x86_64-w64-mingw32/bin/ld.exe: C:\Users\Admin\Desktop\AerolineaAplicacion\build\obj\ModuloPasajeros.cpp.o:ModuloPasajeros.cpp:(.text+0x110a): undefined reference to `PasajeroDAO::listar() const'
C:/ProgramData/mingw64/mingw64/bin/../lib/gcc/x86_64-w64-mingw32/16.1.0/../../../../x86_64-w64-mingw32/bin/ld.exe: C:\Users\Admin\Desktop\AerolineaAplicacion\build\obj\ModuloPasajeros.cpp.o:ModuloPasajeros.cpp:(.text+0x11ba): undefined reference to `UI::green()'
C:/ProgramData/mingw64/mingw64/bin/../lib/gcc/x86_64-w64-mingw32/16.1.0/../../../../x86_64-w64-mingw32/bin/ld.exe: C:\Users\Admin\Desktop\AerolineaAplicacion\build\obj\ModuloPasajeros.cpp.o:ModuloPasajeros.cpp:(.text+0x1205): undefined reference to `UI::menuLateral(std::__cxx11::basic_string<char, std::char_traits<char>, std::allocator<char> > const&, std::vector<std::__cxx11::basic_string<char, std::char_traits<char>, std::allocator<char> >, std::allocator<std::__cxx11::basic_string<char, std::char_traits<char>, std::allocator<char> > > > const&, int, Color)'
C:/ProgramData/mingw64/mingw64/bin/../lib/gcc/x86_64-w64-mingw32/16.1.0/../../../../x86_64-w64-mingw32/bin/ld.exe: C:\Users\Admin\Desktop\AerolineaAplicacion\build\obj\ModuloPasajeros.cpp.o:ModuloPasajeros.cpp:(.text+0x12f3): undefined reference to `UI::green()'
C:/ProgramData/mingw64/mingw64/bin/../lib/gcc/x86_64-w64-mingw32/16.1.0/../../../../x86_64-w64-mingw32/bin/ld.exe: C:\Users\Admin\Desktop\AerolineaAplicacion\build\obj\ModuloPasajeros.cpp.o:ModuloPasajeros.cpp:(.text+0x139b): undefined reference to `UI::botonSecundario(Rectangle, std::__cxx11::basic_string<char, std::char_traits<char>, std::allocator<char> > const&, Color)'
C:/ProgramData/mingw64/mingw64/bin/../lib/gcc/x86_64-w64-mingw32/16.1.0/../../../../x86_64-w64-mingw32/bin/ld.exe: C:\Users\Admin\Desktop\AerolineaAplicacion\build\obj\ModuloPasajeros.cpp.o:ModuloPasajeros.cpp:(.text+0x1490): undefined reference to `UI::botonSecundario(Rectangle, std::__cxx11::basic_string<char, std::char_traits<char>, std::allocator<char> > const&, Color)'
C:/ProgramData/mingw64/mingw64/bin/../lib/gcc/x86_64-w64-mingw32/16.1.0/../../../../x86_64-w64-mingw32/bin/ld.exe: C:\Users\Admin\Desktop\AerolineaAplicacion\build\obj\ModuloPasajeros.cpp.o:ModuloPasajeros.cpp:(.text+0x1587): undefined reference to `UI::navy()'
C:/ProgramData/mingw64/mingw64/bin/../lib/gcc/x86_64-w64-mingw32/16.1.0/../../../../x86_64-w64-mingw32/bin/ld.exe: C:\Users\Admin\Desktop\AerolineaAplicacion\build\obj\ModuloPasajeros.cpp.o:ModuloPasajeros.cpp:(.text+0x15ad): undefined reference to `UI::muted()'
C:/ProgramData/mingw64/mingw64/bin/../lib/gcc/x86_64-w64-mingw32/16.1.0/../../../../x86_64-w64-mingw32/bin/ld.exe: C:\Users\Admin\Desktop\AerolineaAplicacion\build\obj\ModuloPasajeros.cpp.o:ModuloPasajeros.cpp:(.text+0x16a9): undefined reference to `UI::input(Rectangle, std::__cxx11::basic_string<char, std::char_traits<char>, std::allocator<char> > const&, std::__cxx11::basic_string<char, std::char_traits<char>, std::allocator<char> > const&, bool, bool)'
C:/ProgramData/mingw64/mingw64/bin/../lib/gcc/x86_64-w64-mingw32/16.1.0/../../../../x86_64-w64-mingw32/bin/ld.exe: C:\Users\Admin\Desktop\AerolineaAplicacion\build\obj\ModuloPasajeros.cpp.o:ModuloPasajeros.cpp:(.text+0x16f8): undefined reference to `UI::capturarTexto(std::__cxx11::basic_string<char, std::char_traits<char>, std::allocator<char> >&, int)'
C:/ProgramData/mingw64/mingw64/bin/../lib/gcc/x86_64-w64-mingw32/16.1.0/../../../../x86_64-w64-mingw32/bin/ld.exe: C:\Users\Admin\Desktop\AerolineaAplicacion\build\obj\ModuloPasajeros.cpp.o:ModuloPasajeros.cpp:(.text+0x1761): undefined reference to `UI::green()'
C:/ProgramData/mingw64/mingw64/bin/../lib/gcc/x86_64-w64-mingw32/16.1.0/../../../../x86_64-w64-mingw32/bin/ld.exe: C:\Users\Admin\Desktop\AerolineaAplicacion\build\obj\ModuloPasajeros.cpp.o:ModuloPasajeros.cpp:(.text+0x1824): undefined reference to `UI::boton(Rectangle, std::__cxx11::basic_string<char, std::char_traits<char>, std::allocator<char> > const&, Color)'
C:/ProgramData/mingw64/mingw64/bin/../lib/gcc/x86_64-w64-mingw32/16.1.0/../../../../x86_64-w64-mingw32/bin/ld.exe: C:\Users\Admin\Desktop\AerolineaAplicacion\build\obj\ModuloPasajeros.cpp.o:ModuloPasajeros.cpp:(.text+0x1889): undefined reference to `ReservaDAO::buscarPorCodigoReserva(std::__cxx11::basic_string<char, std::char_traits<char>, std::allocator<char> > const&) const'
C:/ProgramData/mingw64/mingw64/bin/../lib/gcc/x86_64-w64-mingw32/16.1.0/../../../../x86_64-w64-mingw32/bin/ld.exe: C:\Users\Admin\Desktop\AerolineaAplicacion\build\obj\ModuloPasajeros.cpp.o:ModuloPasajeros.cpp:(.text+0x18e3): undefined reference to `ReservaDAO::registrarCheckIn(std::__cxx11::basic_string<char, std::char_traits<char>, std::allocator<char> > const&)'
C:/ProgramData/mingw64/mingw64/bin/../lib/gcc/x86_64-w64-mingw32/16.1.0/../../../../x86_64-w64-mingw32/bin/ld.exe: C:\Users\Admin\Desktop\AerolineaAplicacion\build\obj\ModuloPasajeros.cpp.o:ModuloPasajeros.cpp:(.text+0x19aa): undefined reference to `UI::green()'
C:/ProgramData/mingw64/mingw64/bin/../lib/gcc/x86_64-w64-mingw32/16.1.0/../../../../x86_64-w64-mingw32/bin/ld.exe: C:\Users\Admin\Desktop\AerolineaAplicacion\build\obj\ModuloPasajeros.cpp.o:ModuloPasajeros.cpp:(.text+0x1add): undefined reference to `UI::border()'
C:/ProgramData/mingw64/mingw64/bin/../lib/gcc/x86_64-w64-mingw32/16.1.0/../../../../x86_64-w64-mingw32/bin/ld.exe: C:\Users\Admin\Desktop\AerolineaAplicacion\build\obj\ModuloPasajeros.cpp.o:ModuloPasajeros.cpp:(.text+0x1b69): undefined reference to `UI::green()'
C:/ProgramData/mingw64/mingw64/bin/../lib/gcc/x86_64-w64-mingw32/16.1.0/../../../../x86_64-w64-mingw32/bin/ld.exe: C:\Users\Admin\Desktop\AerolineaAplicacion\build\obj\ModuloPasajeros.cpp.o:ModuloPasajeros.cpp:(.text+0x2294): undefined reference to `UI::navy()'
C:/ProgramData/mingw64/mingw64/bin/../lib/gcc/x86_64-w64-mingw32/16.1.0/../../../../x86_64-w64-mingw32/bin/ld.exe: C:\Users\Admin\Desktop\AerolineaAplicacion\build\obj\ModuloPasajeros.cpp.o:ModuloPasajeros.cpp:(.text+0x22ba): undefined reference to `UI::muted()'
C:/ProgramData/mingw64/mingw64/bin/../lib/gcc/x86_64-w64-mingw32/16.1.0/../../../../x86_64-w64-mingw32/bin/ld.exe: C:\Users\Admin\Desktop\AerolineaAplicacion\build\obj\ModuloPasajeros.cpp.o:ModuloPasajeros.cpp:(.text+0x2395): undefined reference to `UI::border()'
C:/ProgramData/mingw64/mingw64/bin/../lib/gcc/x86_64-w64-mingw32/16.1.0/../../../../x86_64-w64-mingw32/bin/ld.exe: C:\Users\Admin\Desktop\AerolineaAplicacion\build\obj\ModuloPasajeros.cpp.o:ModuloPasajeros.cpp:(.text+0x242e): undefined reference to `UI::green()'
C:/ProgramData/mingw64/mingw64/bin/../lib/gcc/x86_64-w64-mingw32/16.1.0/../../../../x86_64-w64-mingw32/bin/ld.exe: C:\Users\Admin\Desktop\AerolineaAplicacion\build\obj\ModuloPasajeros.cpp.o:ModuloPasajeros.cpp:(.text+0x24d0): undefined reference to `UI::navy()'
C:/ProgramData/mingw64/mingw64/bin/../lib/gcc/x86_64-w64-mingw32/16.1.0/../../../../x86_64-w64-mingw32/bin/ld.exe: C:\Users\Admin\Desktop\AerolineaAplicacion\build\obj\ModuloPasajeros.cpp.o:ModuloPasajeros.cpp:(.text+0x24f6): undefined reference to `UI::muted()'
C:/ProgramData/mingw64/mingw64/bin/../lib/gcc/x86_64-w64-mingw32/16.1.0/../../../../x86_64-w64-mingw32/bin/ld.exe: C:\Users\Admin\Desktop\AerolineaAplicacion\build\obj\ModuloPasajeros.cpp.o:ModuloPasajeros.cpp:(.text+0x260f): undefined reference to `UI::input(Rectangle, std::__cxx11::basic_string<char, std::char_traits<char>, std::allocator<char> > const&, std::__cxx11::basic_string<char, std::char_traits<char>, std::allocator<char> > const&, bool, bool)'
C:/ProgramData/mingw64/mingw64/bin/../lib/gcc/x86_64-w64-mingw32/16.1.0/../../../../x86_64-w64-mingw32/bin/ld.exe: C:\Users\Admin\Desktop\AerolineaAplicacion\build\obj\ModuloPasajeros.cpp.o:ModuloPasajeros.cpp:(.text+0x272e): undefined reference to `UI::input(Rectangle, std::__cxx11::basic_string<char, std::char_traits<char>, std::allocator<char> > const&, std::__cxx11::basic_string<char, std::char_traits<char>, std::allocator<char> > const&, bool, bool)'
C:/ProgramData/mingw64/mingw64/bin/../lib/gcc/x86_64-w64-mingw32/16.1.0/../../../../x86_64-w64-mingw32/bin/ld.exe: C:\Users\Admin\Desktop\AerolineaAplicacion\build\obj\ModuloPasajeros.cpp.o:ModuloPasajeros.cpp:(.text+0x284d): undefined reference to `UI::input(Rectangle, std::__cxx11::basic_string<char, std::char_traits<char>, std::allocator<char> > const&, std::__cxx11::basic_string<char, std::char_traits<char>, std::allocator<char> > const&, bool, bool)'
C:/ProgramData/mingw64/mingw64/bin/../lib/gcc/x86_64-w64-mingw32/16.1.0/../../../../x86_64-w64-mingw32/bin/ld.exe: C:\Users\Admin\Desktop\AerolineaAplicacion\build\obj\ModuloPasajeros.cpp.o:ModuloPasajeros.cpp:(.text+0x296c): undefined reference to `UI::input(Rectangle, std::__cxx11::basic_string<char, std::char_traits<char>, std::allocator<char> > const&, std::__cxx11::basic_string<char, std::char_traits<char>, std::allocator<char> > const&, bool, bool)'
C:/ProgramData/mingw64/mingw64/bin/../lib/gcc/x86_64-w64-mingw32/16.1.0/../../../../x86_64-w64-mingw32/bin/ld.exe: C:\Users\Admin\Desktop\AerolineaAplicacion\build\obj\ModuloPasajeros.cpp.o:ModuloPasajeros.cpp:(.text+0x2a8b): undefined reference to `UI::input(Rectangle, std::__cxx11::basic_string<char, std::char_traits<char>, std::allocator<char> > const&, std::__cxx11::basic_string<char, std::char_traits<char>, std::allocator<char> > const&, bool, bool)'
C:/ProgramData/mingw64/mingw64/bin/../lib/gcc/x86_64-w64-mingw32/16.1.0/../../../../x86_64-w64-mingw32/bin/ld.exe: C:\Users\Admin\Desktop\AerolineaAplicacion\build\obj\ModuloPasajeros.cpp.o:ModuloPasajeros.cpp:(.text+0x2b72): undefined reference to `UI::border()'
C:/ProgramData/mingw64/mingw64/bin/../lib/gcc/x86_64-w64-mingw32/16.1.0/../../../../x86_64-w64-mingw32/bin/ld.exe: C:\Users\Admin\Desktop\AerolineaAplicacion\build\obj\ModuloPasajeros.cpp.o:ModuloPasajeros.cpp:(.text+0x2c11): undefined reference to `UI::green()'
C:/ProgramData/mingw64/mingw64/bin/../lib/gcc/x86_64-w64-mingw32/16.1.0/../../../../x86_64-w64-mingw32/bin/ld.exe: C:\Users\Admin\Desktop\AerolineaAplicacion\build\obj\ModuloPasajeros.cpp.o:ModuloPasajeros.cpp:(.text+0x2cb9): undefined reference to `UI::navy()'
C:/ProgramData/mingw64/mingw64/bin/../lib/gcc/x86_64-w64-mingw32/16.1.0/../../../../x86_64-w64-mingw32/bin/ld.exe: C:\Users\Admin\Desktop\AerolineaAplicacion\build\obj\ModuloPasajeros.cpp.o:ModuloPasajeros.cpp:(.text+0x2ded): undefined reference to `UI::input(Rectangle, std::__cxx11::basic_string<char, std::char_traits<char>, std::allocator<char> > const&, std::__cxx11::basic_string<char, std::char_traits<char>, std::allocator<char> > const&, bool, bool)'
C:/ProgramData/mingw64/mingw64/bin/../lib/gcc/x86_64-w64-mingw32/16.1.0/../../../../x86_64-w64-mingw32/bin/ld.exe: C:\Users\Admin\Desktop\AerolineaAplicacion\build\obj\ModuloPasajeros.cpp.o:ModuloPasajeros.cpp:(.text+0x2f27): undefined reference to `UI::input(Rectangle, std::__cxx11::basic_string<char, std::char_traits<char>, std::allocator<char> > const&, std::__cxx11::basic_string<char, std::char_traits<char>, std::allocator<char> > const&, bool, bool)'
C:/ProgramData/mingw64/mingw64/bin/../lib/gcc/x86_64-w64-mingw32/16.1.0/../../../../x86_64-w64-mingw32/bin/ld.exe: C:\Users\Admin\Desktop\AerolineaAplicacion\build\obj\ModuloPasajeros.cpp.o:ModuloPasajeros.cpp:(.text+0x3061): undefined reference to `UI::input(Rectangle, std::__cxx11::basic_string<char, std::char_traits<char>, std::allocator<char> > const&, std::__cxx11::basic_string<char, std::char_traits<char>, std::allocator<char> > const&, bool, bool)'
C:/ProgramData/mingw64/mingw64/bin/../lib/gcc/x86_64-w64-mingw32/16.1.0/../../../../x86_64-w64-mingw32/bin/ld.exe: C:\Users\Admin\Desktop\AerolineaAplicacion\build\obj\ModuloPasajeros.cpp.o:ModuloPasajeros.cpp:(.text+0x308d): undefined reference to `UI::muted()'
C:/ProgramData/mingw64/mingw64/bin/../lib/gcc/x86_64-w64-mingw32/16.1.0/../../../../x86_64-w64-mingw32/bin/ld.exe: C:\Users\Admin\Desktop\AerolineaAplicacion\build\obj\ModuloPasajeros.cpp.o:ModuloPasajeros.cpp:(.text+0x30d4): undefined reference to `UI::green()'
C:/ProgramData/mingw64/mingw64/bin/../lib/gcc/x86_64-w64-mingw32/16.1.0/../../../../x86_64-w64-mingw32/bin/ld.exe: C:\Users\Admin\Desktop\AerolineaAplicacion\build\obj\ModuloPasajeros.cpp.o:ModuloPasajeros.cpp:(.text+0x30dd): undefined reference to `UI::muted()'
C:/ProgramData/mingw64/mingw64/bin/../lib/gcc/x86_64-w64-mingw32/16.1.0/../../../../x86_64-w64-mingw32/bin/ld.exe: C:\Users\Admin\Desktop\AerolineaAplicacion\build\obj\ModuloPasajeros.cpp.o:ModuloPasajeros.cpp:(.text+0x31c3): undefined reference to `UI::botonSecundario(Rectangle, std::__cxx11::basic_string<char, std::char_traits<char>, std::allocator<char> > const&, Color)'
C:/ProgramData/mingw64/mingw64/bin/../lib/gcc/x86_64-w64-mingw32/16.1.0/../../../../x86_64-w64-mingw32/bin/ld.exe: C:\Users\Admin\Desktop\AerolineaAplicacion\build\obj\ModuloPasajeros.cpp.o:ModuloPasajeros.cpp:(.text+0x321c): undefined reference to `UI::green()'
C:/ProgramData/mingw64/mingw64/bin/../lib/gcc/x86_64-w64-mingw32/16.1.0/../../../../x86_64-w64-mingw32/bin/ld.exe: C:\Users\Admin\Desktop\AerolineaAplicacion\build\obj\ModuloPasajeros.cpp.o:ModuloPasajeros.cpp:(.text+0x3225): undefined reference to `UI::muted()'
C:/ProgramData/mingw64/mingw64/bin/../lib/gcc/x86_64-w64-mingw32/16.1.0/../../../../x86_64-w64-mingw32/bin/ld.exe: C:\Users\Admin\Desktop\AerolineaAplicacion\build\obj\ModuloPasajeros.cpp.o:ModuloPasajeros.cpp:(.text+0x330b): undefined reference to `UI::botonSecundario(Rectangle, std::__cxx11::basic_string<char, std::char_traits<char>, std::allocator<char> > const&, Color)'
C:/ProgramData/mingw64/mingw64/bin/../lib/gcc/x86_64-w64-mingw32/16.1.0/../../../../x86_64-w64-mingw32/bin/ld.exe: C:\Users\Admin\Desktop\AerolineaAplicacion\build\obj\ModuloPasajeros.cpp.o:ModuloPasajeros.cpp:(.text+0x3364): undefined reference to `UI::green()'
C:/ProgramData/mingw64/mingw64/bin/../lib/gcc/x86_64-w64-mingw32/16.1.0/../../../../x86_64-w64-mingw32/bin/ld.exe: C:\Users\Admin\Desktop\AerolineaAplicacion\build\obj\ModuloPasajeros.cpp.o:ModuloPasajeros.cpp:(.text+0x336d): undefined reference to `UI::muted()'
C:/ProgramData/mingw64/mingw64/bin/../lib/gcc/x86_64-w64-mingw32/16.1.0/../../../../x86_64-w64-mingw32/bin/ld.exe: C:\Users\Admin\Desktop\AerolineaAplicacion\build\obj\ModuloPasajeros.cpp.o:ModuloPasajeros.cpp:(.text+0x3453): undefined reference to `UI::botonSecundario(Rectangle, std::__cxx11::basic_string<char, std::char_traits<char>, std::allocator<char> > const&, Color)'
C:/ProgramData/mingw64/mingw64/bin/../lib/gcc/x86_64-w64-mingw32/16.1.0/../../../../x86_64-w64-mingw32/bin/ld.exe: C:\Users\Admin\Desktop\AerolineaAplicacion\build\obj\ModuloPasajeros.cpp.o:ModuloPasajeros.cpp:(.text+0x34af): undefined reference to `UI::muted()'
C:/ProgramData/mingw64/mingw64/bin/../lib/gcc/x86_64-w64-mingw32/16.1.0/../../../../x86_64-w64-mingw32/bin/ld.exe: C:\Users\Admin\Desktop\AerolineaAplicacion\build\obj\ModuloPasajeros.cpp.o:ModuloPasajeros.cpp:(.text+0x35e3): undefined reference to `UI::input(Rectangle, std::__cxx11::basic_string<char, std::char_traits<char>, std::allocator<char> > const&, std::__cxx11::basic_string<char, std::char_traits<char>, std::allocator<char> > const&, bool, bool)'
C:/ProgramData/mingw64/mingw64/bin/../lib/gcc/x86_64-w64-mingw32/16.1.0/../../../../x86_64-w64-mingw32/bin/ld.exe: C:\Users\Admin\Desktop\AerolineaAplicacion\build\obj\ModuloPasajeros.cpp.o:ModuloPasajeros.cpp:(.text+0x360f): undefined reference to `UI::muted()'
C:/ProgramData/mingw64/mingw64/bin/../lib/gcc/x86_64-w64-mingw32/16.1.0/../../../../x86_64-w64-mingw32/bin/ld.exe: C:\Users\Admin\Desktop\AerolineaAplicacion\build\obj\ModuloPasajeros.cpp.o:ModuloPasajeros.cpp:(.text+0x379c): undefined reference to `UI::green()'
C:/ProgramData/mingw64/mingw64/bin/../lib/gcc/x86_64-w64-mingw32/16.1.0/../../../../x86_64-w64-mingw32/bin/ld.exe: C:\Users\Admin\Desktop\AerolineaAplicacion\build\obj\ModuloPasajeros.cpp.o:ModuloPasajeros.cpp:(.text+0x37a5): undefined reference to `UI::muted()'
C:/ProgramData/mingw64/mingw64/bin/../lib/gcc/x86_64-w64-mingw32/16.1.0/../../../../x86_64-w64-mingw32/bin/ld.exe: C:\Users\Admin\Desktop\AerolineaAplicacion\build\obj\ModuloPasajeros.cpp.o:ModuloPasajeros.cpp:(.text+0x37f2): undefined reference to `UI::botonSecundario(Rectangle, std::__cxx11::basic_string<char, std::char_traits<char>, std::allocator<char> > const&, Color)'
C:/ProgramData/mingw64/mingw64/bin/../lib/gcc/x86_64-w64-mingw32/16.1.0/../../../../x86_64-w64-mingw32/bin/ld.exe: C:\Users\Admin\Desktop\AerolineaAplicacion\build\obj\ModuloPasajeros.cpp.o:ModuloPasajeros.cpp:(.text+0x3a04): undefined reference to `UI::input(Rectangle, std::__cxx11::basic_string<char, std::char_traits<char>, std::allocator<char> > const&, std::__cxx11::basic_string<char, std::char_traits<char>, std::allocator<char> > const&, bool, bool)'
C:/ProgramData/mingw64/mingw64/bin/../lib/gcc/x86_64-w64-mingw32/16.1.0/../../../../x86_64-w64-mingw32/bin/ld.exe: C:\Users\Admin\Desktop\AerolineaAplicacion\build\obj\ModuloPasajeros.cpp.o:ModuloPasajeros.cpp:(.text+0x3a30): undefined reference to `UI::muted()'
C:/ProgramData/mingw64/mingw64/bin/../lib/gcc/x86_64-w64-mingw32/16.1.0/../../../../x86_64-w64-mingw32/bin/ld.exe: C:\Users\Admin\Desktop\AerolineaAplicacion\build\obj\ModuloPasajeros.cpp.o:ModuloPasajeros.cpp:(.text+0x3ba3): undefined reference to `UI::green()'
C:/ProgramData/mingw64/mingw64/bin/../lib/gcc/x86_64-w64-mingw32/16.1.0/../../../../x86_64-w64-mingw32/bin/ld.exe: C:\Users\Admin\Desktop\AerolineaAplicacion\build\obj\ModuloPasajeros.cpp.o:ModuloPasajeros.cpp:(.text+0x3bac): undefined reference to `UI::muted()'
C:/ProgramData/mingw64/mingw64/bin/../lib/gcc/x86_64-w64-mingw32/16.1.0/../../../../x86_64-w64-mingw32/bin/ld.exe: C:\Users\Admin\Desktop\AerolineaAplicacion\build\obj\ModuloPasajeros.cpp.o:ModuloPasajeros.cpp:(.text+0x3bf9): undefined reference to `UI::botonSecundario(Rectangle, std::__cxx11::basic_string<char, std::char_traits<char>, std::allocator<char> > const&, Color)'
C:/ProgramData/mingw64/mingw64/bin/../lib/gcc/x86_64-w64-mingw32/16.1.0/../../../../x86_64-w64-mingw32/bin/ld.exe: C:\Users\Admin\Desktop\AerolineaAplicacion\build\obj\ModuloPasajeros.cpp.o:ModuloPasajeros.cpp:(.text+0x3dcb): undefined reference to `UI::input(Rectangle, std::__cxx11::basic_string<char, std::char_traits<char>, std::allocator<char> > const&, std::__cxx11::basic_string<char, std::char_traits<char>, std::allocator<char> > const&, bool, bool)'
C:/ProgramData/mingw64/mingw64/bin/../lib/gcc/x86_64-w64-mingw32/16.1.0/../../../../x86_64-w64-mingw32/bin/ld.exe: C:\Users\Admin\Desktop\AerolineaAplicacion\build\obj\ModuloPasajeros.cpp.o:ModuloPasajeros.cpp:(.text+0x3ecd): undefined reference to `UI::border()'
C:/ProgramData/mingw64/mingw64/bin/../lib/gcc/x86_64-w64-mingw32/16.1.0/../../../../x86_64-w64-mingw32/bin/ld.exe: C:\Users\Admin\Desktop\AerolineaAplicacion\build\obj\ModuloPasajeros.cpp.o:ModuloPasajeros.cpp:(.text+0x3f81): undefined reference to `UI::green()'
C:/ProgramData/mingw64/mingw64/bin/../lib/gcc/x86_64-w64-mingw32/16.1.0/../../../../x86_64-w64-mingw32/bin/ld.exe: C:\Users\Admin\Desktop\AerolineaAplicacion\build\obj\ModuloPasajeros.cpp.o:ModuloPasajeros.cpp:(.text+0x403d): undefined reference to `UI::muted()'
C:/ProgramData/mingw64/mingw64/bin/../lib/gcc/x86_64-w64-mingw32/16.1.0/../../../../x86_64-w64-mingw32/bin/ld.exe: C:\Users\Admin\Desktop\AerolineaAplicacion\build\obj\ModuloPasajeros.cpp.o:ModuloPasajeros.cpp:(.text+0x41a1): undefined reference to `UI::green()'
C:/ProgramData/mingw64/mingw64/bin/../lib/gcc/x86_64-w64-mingw32/16.1.0/../../../../x86_64-w64-mingw32/bin/ld.exe: C:\Users\Admin\Desktop\AerolineaAplicacion\build\obj\ModuloPasajeros.cpp.o:ModuloPasajeros.cpp:(.text+0x41aa): undefined reference to `UI::muted()'
C:/ProgramData/mingw64/mingw64/bin/../lib/gcc/x86_64-w64-mingw32/16.1.0/../../../../x86_64-w64-mingw32/bin/ld.exe: C:\Users\Admin\Desktop\AerolineaAplicacion\build\obj\ModuloPasajeros.cpp.o:ModuloPasajeros.cpp:(.text+0x41f7): undefined reference to `UI::botonSecundario(Rectangle, std::__cxx11::basic_string<char, std::char_traits<char>, std::allocator<char> > const&, Color)'
C:/ProgramData/mingw64/mingw64/bin/../lib/gcc/x86_64-w64-mingw32/16.1.0/../../../../x86_64-w64-mingw32/bin/ld.exe: C:\Users\Admin\Desktop\AerolineaAplicacion\build\obj\ModuloPasajeros.cpp.o:ModuloPasajeros.cpp:(.text+0x4301): undefined reference to `UI::navy()'
C:/ProgramData/mingw64/mingw64/bin/../lib/gcc/x86_64-w64-mingw32/16.1.0/../../../../x86_64-w64-mingw32/bin/ld.exe: C:\Users\Admin\Desktop\AerolineaAplicacion\build\obj\ModuloPasajeros.cpp.o:ModuloPasajeros.cpp:(.text+0x443c): undefined reference to `UI::muted()'
C:/ProgramData/mingw64/mingw64/bin/../lib/gcc/x86_64-w64-mingw32/16.1.0/../../../../x86_64-w64-mingw32/bin/ld.exe: C:\Users\Admin\Desktop\AerolineaAplicacion\build\obj\ModuloPasajeros.cpp.o:ModuloPasajeros.cpp:(.text+0x44a3): undefined reference to `UI::botonSecundario(Rectangle, std::__cxx11::basic_string<char, std::char_traits<char>, std::allocator<char> > const&, Color)'
C:/ProgramData/mingw64/mingw64/bin/../lib/gcc/x86_64-w64-mingw32/16.1.0/../../../../x86_64-w64-mingw32/bin/ld.exe: C:\Users\Admin\Desktop\AerolineaAplicacion\build\obj\ModuloPasajeros.cpp.o:ModuloPasajeros.cpp:(.text+0x44fa): undefined reference to `UI::muted()'
C:/ProgramData/mingw64/mingw64/bin/../lib/gcc/x86_64-w64-mingw32/16.1.0/../../../../x86_64-w64-mingw32/bin/ld.exe: C:\Users\Admin\Desktop\AerolineaAplicacion\build\obj\ModuloPasajeros.cpp.o:ModuloPasajeros.cpp:(.text+0x4561): undefined reference to `UI::botonSecundario(Rectangle, std::__cxx11::basic_string<char, std::char_traits<char>, std::allocator<char> > const&, Color)'
C:/ProgramData/mingw64/mingw64/bin/../lib/gcc/x86_64-w64-mingw32/16.1.0/../../../../x86_64-w64-mingw32/bin/ld.exe: C:\Users\Admin\Desktop\AerolineaAplicacion\build\obj\ModuloPasajeros.cpp.o:ModuloPasajeros.cpp:(.text+0x461e): undefined reference to `UI::muted()'
C:/ProgramData/mingw64/mingw64/bin/../lib/gcc/x86_64-w64-mingw32/16.1.0/../../../../x86_64-w64-mingw32/bin/ld.exe: C:\Users\Admin\Desktop\AerolineaAplicacion\build\obj\ModuloPasajeros.cpp.o:ModuloPasajeros.cpp:(.text+0x4782): undefined reference to `UI::green()'
C:/ProgramData/mingw64/mingw64/bin/../lib/gcc/x86_64-w64-mingw32/16.1.0/../../../../x86_64-w64-mingw32/bin/ld.exe: C:\Users\Admin\Desktop\AerolineaAplicacion\build\obj\ModuloPasajeros.cpp.o:ModuloPasajeros.cpp:(.text+0x478b): undefined reference to `UI::muted()'
C:/ProgramData/mingw64/mingw64/bin/../lib/gcc/x86_64-w64-mingw32/16.1.0/../../../../x86_64-w64-mingw32/bin/ld.exe: C:\Users\Admin\Desktop\AerolineaAplicacion\build\obj\ModuloPasajeros.cpp.o:ModuloPasajeros.cpp:(.text+0x47d8): undefined reference to `UI::botonSecundario(Rectangle, std::__cxx11::basic_string<char, std::char_traits<char>, std::allocator<char> > const&, Color)'
C:/ProgramData/mingw64/mingw64/bin/../lib/gcc/x86_64-w64-mingw32/16.1.0/../../../../x86_64-w64-mingw32/bin/ld.exe: C:\Users\Admin\Desktop\AerolineaAplicacion\build\obj\ModuloPasajeros.cpp.o:ModuloPasajeros.cpp:(.text+0x488e): undefined reference to `UI::capturarTexto(std::__cxx11::basic_string<char, std::char_traits<char>, std::allocator<char> >&, int)'
C:/ProgramData/mingw64/mingw64/bin/../lib/gcc/x86_64-w64-mingw32/16.1.0/../../../../x86_64-w64-mingw32/bin/ld.exe: C:\Users\Admin\Desktop\AerolineaAplicacion\build\obj\ModuloPasajeros.cpp.o:ModuloPasajeros.cpp:(.text+0x4907): undefined reference to `UI::capturarTexto(std::__cxx11::basic_string<char, std::char_traits<char>, std::allocator<char> >&, int)'
C:/ProgramData/mingw64/mingw64/bin/../lib/gcc/x86_64-w64-mingw32/16.1.0/../../../../x86_64-w64-mingw32/bin/ld.exe: C:\Users\Admin\Desktop\AerolineaAplicacion\build\obj\ModuloPasajeros.cpp.o:ModuloPasajeros.cpp:(.text+0x497c): undefined reference to `UI::capturarTexto(std::__cxx11::basic_string<char, std::char_traits<char>, std::allocator<char> >&, int)'
C:/ProgramData/mingw64/mingw64/bin/../lib/gcc/x86_64-w64-mingw32/16.1.0/../../../../x86_64-w64-mingw32/bin/ld.exe: C:\Users\Admin\Desktop\AerolineaAplicacion\build\obj\ModuloPasajeros.cpp.o:ModuloPasajeros.cpp:(.text+0x49a8): undefined reference to `UI::capturarTexto(std::__cxx11::basic_string<char, std::char_traits<char>, std::allocator<char> >&, int)'
C:/ProgramData/mingw64/mingw64/bin/../lib/gcc/x86_64-w64-mingw32/16.1.0/../../../../x86_64-w64-mingw32/bin/ld.exe: C:\Users\Admin\Desktop\AerolineaAplicacion\build\obj\ModuloPasajeros.cpp.o:ModuloPasajeros.cpp:(.text+0x49d4): undefined reference to `UI::capturarTexto(std::__cxx11::basic_string<char, std::char_traits<char>, std::allocator<char> >&, int)'
C:/ProgramData/mingw64/mingw64/bin/../lib/gcc/x86_64-w64-mingw32/16.1.0/../../../../x86_64-w64-mingw32/bin/ld.exe: C:\Users\Admin\Desktop\AerolineaAplicacion\build\obj\ModuloPasajeros.cpp.o:ModuloPasajeros.cpp:(.text+0x4a00): more undefined references to `UI::capturarTexto(std::__cxx11::basic_string<char, std::char_traits<char>, std::allocator<char> >&, int)' follow
C:/ProgramData/mingw64/mingw64/bin/../lib/gcc/x86_64-w64-mingw32/16.1.0/../../../../x86_64-w64-mingw32/bin/ld.exe: C:\Users\Admin\Desktop\AerolineaAplicacion\build\obj\ModuloPasajeros.cpp.o:ModuloPasajeros.cpp:(.text+0x4b61): undefined reference to `UI::green()'
C:/ProgramData/mingw64/mingw64/bin/../lib/gcc/x86_64-w64-mingw32/16.1.0/../../../../x86_64-w64-mingw32/bin/ld.exe: C:\Users\Admin\Desktop\AerolineaAplicacion\build\obj\ModuloPasajeros.cpp.o:ModuloPasajeros.cpp:(.text+0x4c41): undefined reference to `UI::botonSecundario(Rectangle, std::__cxx11::basic_string<char, std::char_traits<char>, std::allocator<char> > const&, Color)'
C:/ProgramData/mingw64/mingw64/bin/../lib/gcc/x86_64-w64-mingw32/16.1.0/../../../../x86_64-w64-mingw32/bin/ld.exe: C:\Users\Admin\Desktop\AerolineaAplicacion\build\obj\ModuloPasajeros.cpp.o:ModuloPasajeros.cpp:(.text+0x4c83): undefined reference to `ConexionDB::convertirEntero(std::__cxx11::basic_string<char, std::char_traits<char>, std::allocator<char> > const&, int)'
C:/ProgramData/mingw64/mingw64/bin/../lib/gcc/x86_64-w64-mingw32/16.1.0/../../../../x86_64-w64-mingw32/bin/ld.exe: C:\Users\Admin\Desktop\AerolineaAplicacion\build\obj\ModuloPasajeros.cpp.o:ModuloPasajeros.cpp:(.text+0x4c8d): undefined reference to `ReservaDAO::contarAsientosDisponibles(int) const'
C:/ProgramData/mingw64/mingw64/bin/../lib/gcc/x86_64-w64-mingw32/16.1.0/../../../../x86_64-w64-mingw32/bin/ld.exe: C:\Users\Admin\Desktop\AerolineaAplicacion\build\obj\ModuloPasajeros.cpp.o:ModuloPasajeros.cpp:(.text+0x4d81): undefined reference to `ConexionDB::convertirEntero(std::__cxx11::basic_string<char, std::char_traits<char>, std::allocator<char> > const&, int)'
C:/ProgramData/mingw64/mingw64/bin/../lib/gcc/x86_64-w64-mingw32/16.1.0/../../../../x86_64-w64-mingw32/bin/ld.exe: C:\Users\Admin\Desktop\AerolineaAplicacion\build\obj\ModuloPasajeros.cpp.o:ModuloPasajeros.cpp:(.text+0x4d98): undefined reference to `ReservaDAO::listarAsientosDisponibles[abi:cxx11](int) const'
C:/ProgramData/mingw64/mingw64/bin/../lib/gcc/x86_64-w64-mingw32/16.1.0/../../../../x86_64-w64-mingw32/bin/ld.exe: C:\Users\Admin\Desktop\AerolineaAplicacion\build\obj\ModuloPasajeros.cpp.o:ModuloPasajeros.cpp:(.text+0x4df8): undefined reference to `UI::green()'
C:/ProgramData/mingw64/mingw64/bin/../lib/gcc/x86_64-w64-mingw32/16.1.0/../../../../x86_64-w64-mingw32/bin/ld.exe: C:\Users\Admin\Desktop\AerolineaAplicacion\build\obj\ModuloPasajeros.cpp.o:ModuloPasajeros.cpp:(.text+0x4ed8): undefined reference to `UI::botonSecundario(Rectangle, std::__cxx11::basic_string<char, std::char_traits<char>, std::allocator<char> > const&, Color)'
C:/ProgramData/mingw64/mingw64/bin/../lib/gcc/x86_64-w64-mingw32/16.1.0/../../../../x86_64-w64-mingw32/bin/ld.exe: C:\Users\Admin\Desktop\AerolineaAplicacion\build\obj\ModuloPasajeros.cpp.o:ModuloPasajeros.cpp:(.text+0x4f0f): undefined reference to `ReservaDAO::generarCodigoReserva[abi:cxx11]() const'
C:/ProgramData/mingw64/mingw64/bin/../lib/gcc/x86_64-w64-mingw32/16.1.0/../../../../x86_64-w64-mingw32/bin/ld.exe: C:\Users\Admin\Desktop\AerolineaAplicacion\build\obj\ModuloPasajeros.cpp.o:ModuloPasajeros.cpp:(.text+0x4f6e): undefined reference to `ConexionDB::convertirEntero(std::__cxx11::basic_string<char, std::char_traits<char>, std::allocator<char> > const&, int)'
C:/ProgramData/mingw64/mingw64/bin/../lib/gcc/x86_64-w64-mingw32/16.1.0/../../../../x86_64-w64-mingw32/bin/ld.exe: C:\Users\Admin\Desktop\AerolineaAplicacion\build\obj\ModuloPasajeros.cpp.o:ModuloPasajeros.cpp:(.text+0x4f8a): undefined reference to `ConexionDB::convertirDouble(std::__cxx11::basic_string<char, std::char_traits<char>, std::allocator<char> > const&, double)'
C:/ProgramData/mingw64/mingw64/bin/../lib/gcc/x86_64-w64-mingw32/16.1.0/../../../../x86_64-w64-mingw32/bin/ld.exe: C:\Users\Admin\Desktop\AerolineaAplicacion\build\obj\ModuloPasajeros.cpp.o:ModuloPasajeros.cpp:(.text+0x4fa9): undefined reference to `ConexionDB::convertirEntero(std::__cxx11::basic_string<char, std::char_traits<char>, std::allocator<char> > const&, int)'
C:/ProgramData/mingw64/mingw64/bin/../lib/gcc/x86_64-w64-mingw32/16.1.0/../../../../x86_64-w64-mingw32/bin/ld.exe: C:\Users\Admin\Desktop\AerolineaAplicacion\build\obj\ModuloPasajeros.cpp.o:ModuloPasajeros.cpp:(.text+0x4fd4): undefined reference to `ConexionDB::convertirEntero(std::__cxx11::basic_string<char, std::char_traits<char>, std::allocator<char> > const&, int)'
C:/ProgramData/mingw64/mingw64/bin/../lib/gcc/x86_64-w64-mingw32/16.1.0/../../../../x86_64-w64-mingw32/bin/ld.exe: C:\Users\Admin\Desktop\AerolineaAplicacion\build\obj\ModuloPasajeros.cpp.o:ModuloPasajeros.cpp:(.text+0x4ff0): undefined reference to `ConexionDB::convertirEntero(std::__cxx11::basic_string<char, std::char_traits<char>, std::allocator<char> > const&, int)'
C:/ProgramData/mingw64/mingw64/bin/../lib/gcc/x86_64-w64-mingw32/16.1.0/../../../../x86_64-w64-mingw32/bin/ld.exe: C:\Users\Admin\Desktop\AerolineaAplicacion\build\obj\ModuloPasajeros.cpp.o:ModuloPasajeros.cpp:(.text+0x5050): undefined reference to `ReservaDAO::validarReservaPresencial(Pasajero const&, int, int, std::__cxx11::basic_string<char, std::char_traits<char>, std::allocator<char> > const&, int, std::__cxx11::basic_string<char, std::char_traits<char>, std::allocator<char> > const&, double, int, std::vector<int, std::allocator<int> > const&, std::vector<int, std::allocator<int> > const&, std::vector<int, std::allocator<int> > const&) const'
C:/ProgramData/mingw64/mingw64/bin/../lib/gcc/x86_64-w64-mingw32/16.1.0/../../../../x86_64-w64-mingw32/bin/ld.exe: C:\Users\Admin\Desktop\AerolineaAplicacion\build\obj\ModuloPasajeros.cpp.o:ModuloPasajeros.cpp:(.text+0x5135): undefined reference to `ConexionDB::convertirEntero(std::__cxx11::basic_string<char, std::char_traits<char>, std::allocator<char> > const&, int)'
C:/ProgramData/mingw64/mingw64/bin/../lib/gcc/x86_64-w64-mingw32/16.1.0/../../../../x86_64-w64-mingw32/bin/ld.exe: C:\Users\Admin\Desktop\AerolineaAplicacion\build\obj\ModuloPasajeros.cpp.o:ModuloPasajeros.cpp:(.text+0x513f): undefined reference to `ReservaDAO::contarAsientosDisponibles(int) const'
C:/ProgramData/mingw64/mingw64/bin/../lib/gcc/x86_64-w64-mingw32/16.1.0/../../../../x86_64-w64-mingw32/bin/ld.exe: C:\Users\Admin\Desktop\AerolineaAplicacion\build\obj\ModuloPasajeros.cpp.o:ModuloPasajeros.cpp:(.text+0x521f): undefined reference to `UI::green()'
C:/ProgramData/mingw64/mingw64/bin/../lib/gcc/x86_64-w64-mingw32/16.1.0/../../../../x86_64-w64-mingw32/bin/ld.exe: C:\Users\Admin\Desktop\AerolineaAplicacion\build\obj\ModuloPasajeros.cpp.o:ModuloPasajeros.cpp:(.text+0x52ff): undefined reference to `UI::boton(Rectangle, std::__cxx11::basic_string<char, std::char_traits<char>, std::allocator<char> > const&, Color)'
C:/ProgramData/mingw64/mingw64/bin/../lib/gcc/x86_64-w64-mingw32/16.1.0/../../../../x86_64-w64-mingw32/bin/ld.exe: C:\Users\Admin\Desktop\AerolineaAplicacion\build\obj\ModuloPasajeros.cpp.o:ModuloPasajeros.cpp:(.text+0x5336): undefined reference to `ReservaDAO::generarCodigoReserva[abi:cxx11]() const'
C:/ProgramData/mingw64/mingw64/bin/../lib/gcc/x86_64-w64-mingw32/16.1.0/../../../../x86_64-w64-mingw32/bin/ld.exe: C:\Users\Admin\Desktop\AerolineaAplicacion\build\obj\ModuloPasajeros.cpp.o:ModuloPasajeros.cpp:(.text+0x5395): undefined reference to `ConexionDB::convertirEntero(std::__cxx11::basic_string<char, std::char_traits<char>, std::allocator<char> > const&, int)'
C:/ProgramData/mingw64/mingw64/bin/../lib/gcc/x86_64-w64-mingw32/16.1.0/../../../../x86_64-w64-mingw32/bin/ld.exe: C:\Users\Admin\Desktop\AerolineaAplicacion\build\obj\ModuloPasajeros.cpp.o:ModuloPasajeros.cpp:(.text+0x53b1): undefined reference to `ConexionDB::convertirDouble(std::__cxx11::basic_string<char, std::char_traits<char>, std::allocator<char> > const&, double)'
C:/ProgramData/mingw64/mingw64/bin/../lib/gcc/x86_64-w64-mingw32/16.1.0/../../../../x86_64-w64-mingw32/bin/ld.exe: C:\Users\Admin\Desktop\AerolineaAplicacion\build\obj\ModuloPasajeros.cpp.o:ModuloPasajeros.cpp:(.text+0x53d0): undefined reference to `ConexionDB::convertirEntero(std::__cxx11::basic_string<char, std::char_traits<char>, std::allocator<char> > const&, int)'
C:/ProgramData/mingw64/mingw64/bin/../lib/gcc/x86_64-w64-mingw32/16.1.0/../../../../x86_64-w64-mingw32/bin/ld.exe: C:\Users\Admin\Desktop\AerolineaAplicacion\build\obj\ModuloPasajeros.cpp.o:ModuloPasajeros.cpp:(.text+0x53fa): undefined reference to `ConexionDB::convertirEntero(std::__cxx11::basic_string<char, std::char_traits<char>, std::allocator<char> > const&, int)'
C:/ProgramData/mingw64/mingw64/bin/../lib/gcc/x86_64-w64-mingw32/16.1.0/../../../../x86_64-w64-mingw32/bin/ld.exe: C:\Users\Admin\Desktop\AerolineaAplicacion\build\obj\ModuloPasajeros.cpp.o:ModuloPasajeros.cpp:(.text+0x5416): undefined reference to `ConexionDB::convertirEntero(std::__cxx11::basic_string<char, std::char_traits<char>, std::allocator<char> > const&, int)'
C:/ProgramData/mingw64/mingw64/bin/../lib/gcc/x86_64-w64-mingw32/16.1.0/../../../../x86_64-w64-mingw32/bin/ld.exe: C:\Users\Admin\Desktop\AerolineaAplicacion\build\obj\ModuloPasajeros.cpp.o:ModuloPasajeros.cpp:(.text+0x5474): undefined reference to `ReservaDAO::validarReservaPresencial(Pasajero const&, int, int, std::__cxx11::basic_string<char, std::char_traits<char>, std::allocator<char> > const&, int, std::__cxx11::basic_string<char, std::char_traits<char>, std::allocator<char> > const&, double, int, std::vector<int, std::allocator<int> > const&, std::vector<int, std::allocator<int> > const&, std::vector<int, std::allocator<int> > const&) const'
C:/ProgramData/mingw64/mingw64/bin/../lib/gcc/x86_64-w64-mingw32/16.1.0/../../../../x86_64-w64-mingw32/bin/ld.exe: C:\Users\Admin\Desktop\AerolineaAplicacion\build\obj\ModuloPasajeros.cpp.o:ModuloPasajeros.cpp:(.text+0x5595): undefined reference to `ConexionDB::convertirEntero(std::__cxx11::basic_string<char, std::char_traits<char>, std::allocator<char> > const&, int)'
C:/ProgramData/mingw64/mingw64/bin/../lib/gcc/x86_64-w64-mingw32/16.1.0/../../../../x86_64-w64-mingw32/bin/ld.exe: C:\Users\Admin\Desktop\AerolineaAplicacion\build\obj\ModuloPasajeros.cpp.o:ModuloPasajeros.cpp:(.text+0x55b1): undefined reference to `ConexionDB::convertirEntero(std::__cxx11::basic_string<char, std::char_traits<char>, std::allocator<char> > const&, int)'
C:/ProgramData/mingw64/mingw64/bin/../lib/gcc/x86_64-w64-mingw32/16.1.0/../../../../x86_64-w64-mingw32/bin/ld.exe: C:\Users\Admin\Desktop\AerolineaAplicacion\build\obj\ModuloPasajeros.cpp.o:ModuloPasajeros.cpp:(.text+0x55db): undefined reference to `ConexionDB::convertirEntero(std::__cxx11::basic_string<char, std::char_traits<char>, std::allocator<char> > const&, int)'
C:/ProgramData/mingw64/mingw64/bin/../lib/gcc/x86_64-w64-mingw32/16.1.0/../../../../x86_64-w64-mingw32/bin/ld.exe: C:\Users\Admin\Desktop\AerolineaAplicacion\build\obj\ModuloPasajeros.cpp.o:ModuloPasajeros.cpp:(.text+0x55f7): undefined reference to `ConexionDB::convertirEntero(std::__cxx11::basic_string<char, std::char_traits<char>, std::allocator<char> > const&, int)'
C:/ProgramData/mingw64/mingw64/bin/../lib/gcc/x86_64-w64-mingw32/16.1.0/../../../../x86_64-w64-mingw32/bin/ld.exe: C:\Users\Admin\Desktop\AerolineaAplicacion\build\obj\ModuloPasajeros.cpp.o:ModuloPasajeros.cpp:(.text+0x563f): undefined reference to `ReservaDAO::crearReservaPresencial(Pasajero const&, int, int, std::__cxx11::basic_string<char, std::char_traits<char>, std::allocator<char> > const&, int, int, std::vector<int, std::allocator<int> > const&, std::vector<int, std::allocator<int> > const&, std::vector<int, std::allocator<int> > const&)'
C:/ProgramData/mingw64/mingw64/bin/../lib/gcc/x86_64-w64-mingw32/16.1.0/../../../../x86_64-w64-mingw32/bin/ld.exe: C:\Users\Admin\Desktop\AerolineaAplicacion\build\obj\ModuloPasajeros.cpp.o:ModuloPasajeros.cpp:(.text+0x5754): undefined reference to `ConexionDB::convertirEntero(std::__cxx11::basic_string<char, std::char_traits<char>, std::allocator<char> > const&, int)'
C:/ProgramData/mingw64/mingw64/bin/../lib/gcc/x86_64-w64-mingw32/16.1.0/../../../../x86_64-w64-mingw32/bin/ld.exe: C:\Users\Admin\Desktop\AerolineaAplicacion\build\obj\ModuloPasajeros.cpp.o:ModuloPasajeros.cpp:(.text+0x575e): undefined reference to `ReservaDAO::contarAsientosDisponibles(int) const'
C:/ProgramData/mingw64/mingw64/bin/../lib/gcc/x86_64-w64-mingw32/16.1.0/../../../../x86_64-w64-mingw32/bin/ld.exe: C:\Users\Admin\Desktop\AerolineaAplicacion\build\obj\ModuloPasajeros.cpp.o:ModuloPasajeros.cpp:(.text+0x58a4): undefined reference to `ConexionDB::convertirDouble(std::__cxx11::basic_string<char, std::char_traits<char>, std::allocator<char> > const&, double)'
C:/ProgramData/mingw64/mingw64/bin/../lib/gcc/x86_64-w64-mingw32/16.1.0/../../../../x86_64-w64-mingw32/bin/ld.exe: C:\Users\Admin\Desktop\AerolineaAplicacion\build\obj\ModuloPasajeros.cpp.o:ModuloPasajeros.cpp:(.text+0x58c2): undefined reference to `ConexionDB::convertirEntero(std::__cxx11::basic_string<char, std::char_traits<char>, std::allocator<char> > const&, int)'
C:/ProgramData/mingw64/mingw64/bin/../lib/gcc/x86_64-w64-mingw32/16.1.0/../../../../x86_64-w64-mingw32/bin/ld.exe: C:\Users\Admin\Desktop\AerolineaAplicacion\build\obj\ModuloPasajeros.cpp.o:ModuloPasajeros.cpp:(.text+0x5b1c): undefined reference to `ConexionDB::convertirEntero(std::__cxx11::basic_string<char, std::char_traits<char>, std::allocator<char> > const&, int)'
C:/ProgramData/mingw64/mingw64/bin/../lib/gcc/x86_64-w64-mingw32/16.1.0/../../../../x86_64-w64-mingw32/bin/ld.exe: C:\Users\Admin\Desktop\AerolineaAplicacion\build\obj\ModuloPasajeros.cpp.o:ModuloPasajeros.cpp:(.text+0x5b8e): undefined reference to `UI::navy()'
C:/ProgramData/mingw64/mingw64/bin/../lib/gcc/x86_64-w64-mingw32/16.1.0/../../../../x86_64-w64-mingw32/bin/ld.exe: C:\Users\Admin\Desktop\AerolineaAplicacion\build\obj\ModuloPasajeros.cpp.o:ModuloPasajeros.cpp:(.text+0x5bd2): undefined reference to `UI::textoRecortado(std::__cxx11::basic_string<char, std::char_traits<char>, std::allocator<char> > const&, int, int, int, Color, int)'
C:/ProgramData/mingw64/mingw64/bin/../lib/gcc/x86_64-w64-mingw32/16.1.0/../../../../x86_64-w64-mingw32/bin/ld.exe: C:\Users\Admin\Desktop\AerolineaAplicacion\build\obj\ModuloPasajeros.cpp.o:ModuloPasajeros.cpp:(.text+0x5c5e): undefined reference to `UI::green()'
C:/ProgramData/mingw64/mingw64/bin/../lib/gcc/x86_64-w64-mingw32/16.1.0/../../../../x86_64-w64-mingw32/bin/ld.exe: C:\Users\Admin\Desktop\AerolineaAplicacion\build\obj\ModuloPasajeros.cpp.o:ModuloPasajeros.cpp:(.text+0x5cb9): undefined reference to `UI::textoRecortado(std::__cxx11::basic_string<char, std::char_traits<char>, std::allocator<char> > const&, int, int, int, Color, int)'
C:/ProgramData/mingw64/mingw64/bin/../lib/gcc/x86_64-w64-mingw32/16.1.0/../../../../x86_64-w64-mingw32/bin/ld.exe: C:\Users\Admin\Desktop\AerolineaAplicacion\build\obj\ModuloPasajeros.cpp.o:ModuloPasajeros.cpp:(.text+0x5cbe): undefined reference to `UI::muted()'
C:/ProgramData/mingw64/mingw64/bin/../lib/gcc/x86_64-w64-mingw32/16.1.0/../../../../x86_64-w64-mingw32/bin/ld.exe: C:\Users\Admin\Desktop\AerolineaAplicacion\build\obj\ModuloPasajeros.cpp.o:ModuloPasajeros.cpp:(.text+0x5cee): undefined reference to `UI::textoRecortado(std::__cxx11::basic_string<char, std::char_traits<char>, std::allocator<char> > const&, int, int, int, Color, int)'
C:/ProgramData/mingw64/mingw64/bin/../lib/gcc/x86_64-w64-mingw32/16.1.0/../../../../x86_64-w64-mingw32/bin/ld.exe: C:\Users\Admin\Desktop\AerolineaAplicacion\build\obj\ModuloPasajeros.cpp.o:ModuloPasajeros.cpp:(.text+0x61dd): undefined reference to `UI::navy()'
C:/ProgramData/mingw64/mingw64/bin/../lib/gcc/x86_64-w64-mingw32/16.1.0/../../../../x86_64-w64-mingw32/bin/ld.exe: C:\Users\Admin\Desktop\AerolineaAplicacion\build\obj\ModuloPasajeros.cpp.o:ModuloPasajeros.cpp:(.text+0x6203): undefined reference to `UI::muted()'
C:/ProgramData/mingw64/mingw64/bin/../lib/gcc/x86_64-w64-mingw32/16.1.0/../../../../x86_64-w64-mingw32/bin/ld.exe: C:\Users\Admin\Desktop\AerolineaAplicacion\build\obj\ModuloPasajeros.cpp.o:ModuloPasajeros.cpp:(.text+0x6391): undefined reference to `UI::border()'
C:/ProgramData/mingw64/mingw64/bin/../lib/gcc/x86_64-w64-mingw32/16.1.0/../../../../x86_64-w64-mingw32/bin/ld.exe: C:\Users\Admin\Desktop\AerolineaAplicacion\build\obj\ModuloPasajeros.cpp.o:ModuloPasajeros.cpp:(.text+0x63c5): undefined reference to `UI::green()'
C:/ProgramData/mingw64/mingw64/bin/../lib/gcc/x86_64-w64-mingw32/16.1.0/../../../../x86_64-w64-mingw32/bin/ld.exe: C:\Users\Admin\Desktop\AerolineaAplicacion\build\obj\ModuloPasajeros.cpp.o:ModuloPasajeros.cpp:(.text+0x6467): undefined reference to `UI::navy()'
C:/ProgramData/mingw64/mingw64/bin/../lib/gcc/x86_64-w64-mingw32/16.1.0/../../../../x86_64-w64-mingw32/bin/ld.exe: C:\Users\Admin\Desktop\AerolineaAplicacion\build\obj\ModuloPasajeros.cpp.o:ModuloPasajeros.cpp:(.text+0x6593): undefined reference to `UI::green()'
C:/ProgramData/mingw64/mingw64/bin/../lib/gcc/x86_64-w64-mingw32/16.1.0/../../../../x86_64-w64-mingw32/bin/ld.exe: C:\Users\Admin\Desktop\AerolineaAplicacion\build\obj\ModuloPasajeros.cpp.o:ModuloPasajeros.cpp:(.text+0x65dc): undefined reference to `UI::green()'
C:/ProgramData/mingw64/mingw64/bin/../lib/gcc/x86_64-w64-mingw32/16.1.0/../../../../x86_64-w64-mingw32/bin/ld.exe: C:\Users\Admin\Desktop\AerolineaAplicacion\build\obj\ModuloPasajeros.cpp.o:ModuloPasajeros.cpp:(.text+0x6667): undefined reference to `UI::green()'
C:/ProgramData/mingw64/mingw64/bin/../lib/gcc/x86_64-w64-mingw32/16.1.0/../../../../x86_64-w64-mingw32/bin/ld.exe: C:\Users\Admin\Desktop\AerolineaAplicacion\build\obj\ModuloPasajeros.cpp.o:ModuloPasajeros.cpp:(.text+0x66b0): undefined reference to `UI::green()'
C:/ProgramData/mingw64/mingw64/bin/../lib/gcc/x86_64-w64-mingw32/16.1.0/../../../../x86_64-w64-mingw32/bin/ld.exe: C:\Users\Admin\Desktop\AerolineaAplicacion\build\obj\ModuloPasajeros.cpp.o:ModuloPasajeros.cpp:(.text+0x66d6): undefined reference to `UI::green()'
C:/ProgramData/mingw64/mingw64/bin/../lib/gcc/x86_64-w64-mingw32/16.1.0/../../../../x86_64-w64-mingw32/bin/ld.exe: C:\Users\Admin\Desktop\AerolineaAplicacion\build\obj\ModuloPasajeros.cpp.o:ModuloPasajeros.cpp:(.text+0x66fc): more undefined references to `UI::green()' follow
C:/ProgramData/mingw64/mingw64/bin/../lib/gcc/x86_64-w64-mingw32/16.1.0/../../../../x86_64-w64-mingw32/bin/ld.exe: C:\Users\Admin\Desktop\AerolineaAplicacion\build\obj\ModuloPasajeros.cpp.o:ModuloPasajeros.cpp:(.text+0x685c): undefined reference to `UI::border()'
C:/ProgramData/mingw64/mingw64/bin/../lib/gcc/x86_64-w64-mingw32/16.1.0/../../../../x86_64-w64-mingw32/bin/ld.exe: C:\Users\Admin\Desktop\AerolineaAplicacion\build\obj\ModuloPasajeros.cpp.o:ModuloPasajeros.cpp:(.text+0x68e8): undefined reference to `UI::muted()'
C:/ProgramData/mingw64/mingw64/bin/../lib/gcc/x86_64-w64-mingw32/16.1.0/../../../../x86_64-w64-mingw32/bin/ld.exe: C:\Users\Admin\Desktop\AerolineaAplicacion\build\obj\ModuloPasajeros.cpp.o:ModuloPasajeros.cpp:(.text+0x690e): undefined reference to `UI::muted()'
C:/ProgramData/mingw64/mingw64/bin/../lib/gcc/x86_64-w64-mingw32/16.1.0/../../../../x86_64-w64-mingw32/bin/ld.exe: C:\Users\Admin\Desktop\AerolineaAplicacion\build\obj\ModuloPasajeros.cpp.o:ModuloPasajeros.cpp:(.text+0x6934): undefined reference to `UI::green()'
C:/ProgramData/mingw64/mingw64/bin/../lib/gcc/x86_64-w64-mingw32/16.1.0/../../../../x86_64-w64-mingw32/bin/ld.exe: C:\Users\Admin\Desktop\AerolineaAplicacion\build\obj\ModuloPasajeros.cpp.o:ModuloPasajeros.cpp:(.text+0x6c3f): undefined reference to `UI::navy()'
C:/ProgramData/mingw64/mingw64/bin/../lib/gcc/x86_64-w64-mingw32/16.1.0/../../../../x86_64-w64-mingw32/bin/ld.exe: C:\Users\Admin\Desktop\AerolineaAplicacion\build\obj\ModuloPasajeros.cpp.o:ModuloPasajeros.cpp:(.text+0x6d3d): undefined reference to `UI::textoRecortado(std::__cxx11::basic_string<char, std::char_traits<char>, std::allocator<char> > const&, int, int, int, Color, int)'
C:/ProgramData/mingw64/mingw64/bin/../lib/gcc/x86_64-w64-mingw32/16.1.0/../../../../x86_64-w64-mingw32/bin/ld.exe: C:\Users\Admin\Desktop\AerolineaAplicacion\build\obj\ModuloPasajeros.cpp.o:ModuloPasajeros.cpp:(.text+0x6d51): undefined reference to `UI::navy()'
C:/ProgramData/mingw64/mingw64/bin/../lib/gcc/x86_64-w64-mingw32/16.1.0/../../../../x86_64-w64-mingw32/bin/ld.exe: C:\Users\Admin\Desktop\AerolineaAplicacion\build\obj\ModuloPasajeros.cpp.o:ModuloPasajeros.cpp:(.text+0x6d9b): undefined reference to `UI::textoRecortado(std::__cxx11::basic_string<char, std::char_traits<char>, std::allocator<char> > const&, int, int, int, Color, int)'
C:/ProgramData/mingw64/mingw64/bin/../lib/gcc/x86_64-w64-mingw32/16.1.0/../../../../x86_64-w64-mingw32/bin/ld.exe: C:\Users\Admin\Desktop\AerolineaAplicacion\build\obj\ModuloPasajeros.cpp.o:ModuloPasajeros.cpp:(.text+0x6dfc): undefined reference to `UI::textoRecortado(std::__cxx11::basic_string<char, std::char_traits<char>, std::allocator<char> > const&, int, int, int, Color, int)'
C:/ProgramData/mingw64/mingw64/bin/../lib/gcc/x86_64-w64-mingw32/16.1.0/../../../../x86_64-w64-mingw32/bin/ld.exe: C:\Users\Admin\Desktop\AerolineaAplicacion\build\obj\ModuloPasajeros.cpp.o:ModuloPasajeros.cpp:(.text+0x6e65): undefined reference to `UI::textoRecortado(std::__cxx11::basic_string<char, std::char_traits<char>, std::allocator<char> > const&, int, int, int, Color, int)'
C:/ProgramData/mingw64/mingw64/bin/../lib/gcc/x86_64-w64-mingw32/16.1.0/../../../../x86_64-w64-mingw32/bin/ld.exe: C:\Users\Admin\Desktop\AerolineaAplicacion\build\obj\ModuloPasajeros.cpp.o:ModuloPasajeros.cpp:(.text+0x6fbf): undefined reference to `UI::botonSecundario(Rectangle, std::__cxx11::basic_string<char, std::char_traits<char>, std::allocator<char> > const&, Color)'
C:/ProgramData/mingw64/mingw64/bin/../lib/gcc/x86_64-w64-mingw32/16.1.0/../../../../x86_64-w64-mingw32/bin/ld.exe: C:\Users\Admin\Desktop\AerolineaAplicacion\build\obj\ModuloPasajeros.cpp.o:ModuloPasajeros.cpp:(.text+0x6ffc): undefined reference to `ReservaDAO::cancelar(int)'
C:/ProgramData/mingw64/mingw64/bin/../lib/gcc/x86_64-w64-mingw32/16.1.0/../../../../x86_64-w64-mingw32/bin/ld.exe: C:\Users\Admin\Desktop\AerolineaAplicacion\build\obj\ModuloPasajeros.cpp.o:ModuloPasajeros.cpp:(.text+0x703a): undefined reference to `UI::green()'
C:/ProgramData/mingw64/mingw64/bin/../lib/gcc/x86_64-w64-mingw32/16.1.0/../../../../x86_64-w64-mingw32/bin/ld.exe: C:\Users\Admin\Desktop\AerolineaAplicacion\build\obj\ModuloPasajeros.cpp.o:ModuloPasajeros.cpp:(.text+0x7098): undefined reference to `UI::botonSecundario(Rectangle, std::__cxx11::basic_string<char, std::char_traits<char>, std::allocator<char> > const&, Color)'
C:/ProgramData/mingw64/mingw64/bin/../lib/gcc/x86_64-w64-mingw32/16.1.0/../../../../x86_64-w64-mingw32/bin/ld.exe: C:\Users\Admin\Desktop\AerolineaAplicacion\build\obj\ModuloPasajeros.cpp.o:ModuloPasajeros.cpp:(.text+0x70d5): undefined reference to `ReservaDAO::reembolsar(int)'
C:/ProgramData/mingw64/mingw64/bin/../lib/gcc/x86_64-w64-mingw32/16.1.0/../../../../x86_64-w64-mingw32/bin/ld.exe: C:\Users\Admin\Desktop\AerolineaAplicacion\build\obj\ModuloPasajeros.cpp.o:ModuloPasajeros.cpp:(.text+0x7173): undefined reference to `UI::green()'
C:/ProgramData/mingw64/mingw64/bin/../lib/gcc/x86_64-w64-mingw32/16.1.0/../../../../x86_64-w64-mingw32/bin/ld.exe: C:\Users\Admin\Desktop\AerolineaAplicacion\build\obj\ModuloPasajeros.cpp.o:ModuloPasajeros.cpp:(.text+0x736e): undefined reference to `UI::navy()'
C:/ProgramData/mingw64/mingw64/bin/../lib/gcc/x86_64-w64-mingw32/16.1.0/../../../../x86_64-w64-mingw32/bin/ld.exe: C:\Users\Admin\Desktop\AerolineaAplicacion\build\obj\ModuloPasajeros.cpp.o:ModuloPasajeros.cpp:(.text+0x7394): undefined reference to `UI::muted()'
C:/ProgramData/mingw64/mingw64/bin/../lib/gcc/x86_64-w64-mingw32/16.1.0/../../../../x86_64-w64-mingw32/bin/ld.exe: C:\Users\Admin\Desktop\AerolineaAplicacion\build\obj\ModuloPasajeros.cpp.o:ModuloPasajeros.cpp:(.text+0x7405): undefined reference to `UI::green()'
C:/ProgramData/mingw64/mingw64/bin/../lib/gcc/x86_64-w64-mingw32/16.1.0/../../../../x86_64-w64-mingw32/bin/ld.exe: C:\Users\Admin\Desktop\AerolineaAplicacion\build\obj\ModuloPasajeros.cpp.o:ModuloPasajeros.cpp:(.text+0x74c4): undefined reference to `UI::aviso(Rectangle, std::__cxx11::basic_string<char, std::char_traits<char>, std::allocator<char> > const&, std::__cxx11::basic_string<char, std::char_traits<char>, std::allocator<char> > const&, Color)'
C:/ProgramData/mingw64/mingw64/bin/../lib/gcc/x86_64-w64-mingw32/16.1.0/../../../../x86_64-w64-mingw32/bin/ld.exe: C:\Users\Admin\Desktop\AerolineaAplicacion\build\obj\ModuloPasajeros.cpp.o:ModuloPasajeros.cpp:(.text+0x7530): undefined reference to `UI::green()'
C:/ProgramData/mingw64/mingw64/bin/../lib/gcc/x86_64-w64-mingw32/16.1.0/../../../../x86_64-w64-mingw32/bin/ld.exe: C:\Users\Admin\Desktop\AerolineaAplicacion\build\obj\ModuloPasajeros.cpp.o:ModuloPasajeros.cpp:(.text+0x75e0): undefined reference to `UI::botonSecundario(Rectangle, std::__cxx11::basic_string<char, std::char_traits<char>, std::allocator<char> > const&, Color)'
C:/ProgramData/mingw64/mingw64/bin/../lib/gcc/x86_64-w64-mingw32/16.1.0/../../../../x86_64-w64-mingw32/bin/ld.exe: C:\Users\Admin\Desktop\AerolineaAplicacion\build\obj\ModuloPasajeros.cpp.o:ModuloPasajeros.cpp:(.text+0x760a): undefined reference to `NotificacionDAO::marcarLeidas(int)'
C:/ProgramData/mingw64/mingw64/bin/../lib/gcc/x86_64-w64-mingw32/16.1.0/../../../../x86_64-w64-mingw32/bin/ld.exe: C:\Users\Admin\Desktop\AerolineaAplicacion\build\obj\ModuloPasajeros.cpp.o:ModuloPasajeros.cpp:(.text+0x769b): undefined reference to `UI::navy()'
C:/ProgramData/mingw64/mingw64/bin/../lib/gcc/x86_64-w64-mingw32/16.1.0/../../../../x86_64-w64-mingw32/bin/ld.exe: C:\Users\Admin\Desktop\AerolineaAplicacion\build\obj\ModuloPasajeros.cpp.o:ModuloPasajeros.cpp:(.text+0x76c1): undefined reference to `UI::muted()'
C:/ProgramData/mingw64/mingw64/bin/../lib/gcc/x86_64-w64-mingw32/16.1.0/../../../../x86_64-w64-mingw32/bin/ld.exe: C:\Users\Admin\Desktop\AerolineaAplicacion\build\obj\ModuloPasajeros.cpp.o:ModuloPasajeros.cpp:(.text+0x784f): undefined reference to `UI::border()'
C:/ProgramData/mingw64/mingw64/bin/../lib/gcc/x86_64-w64-mingw32/16.1.0/../../../../x86_64-w64-mingw32/bin/ld.exe: C:\Users\Admin\Desktop\AerolineaAplicacion\build\obj\ModuloPasajeros.cpp.o:ModuloPasajeros.cpp:(.text+0x7883): undefined reference to `UI::green()'
C:/ProgramData/mingw64/mingw64/bin/../lib/gcc/x86_64-w64-mingw32/16.1.0/../../../../x86_64-w64-mingw32/bin/ld.exe: C:\Users\Admin\Desktop\AerolineaAplicacion\build\obj\ModuloPasajeros.cpp.o:ModuloPasajeros.cpp:(.text+0x7925): undefined reference to `UI::navy()'
C:/ProgramData/mingw64/mingw64/bin/../lib/gcc/x86_64-w64-mingw32/16.1.0/../../../../x86_64-w64-mingw32/bin/ld.exe: C:\Users\Admin\Desktop\AerolineaAplicacion\build\obj\ModuloPasajeros.cpp.o:ModuloPasajeros.cpp:(.text+0x7a51): undefined reference to `UI::green()'
C:/ProgramData/mingw64/mingw64/bin/../lib/gcc/x86_64-w64-mingw32/16.1.0/../../../../x86_64-w64-mingw32/bin/ld.exe: C:\Users\Admin\Desktop\AerolineaAplicacion\build\obj\ModuloPasajeros.cpp.o:ModuloPasajeros.cpp:(.text+0x7a9a): undefined reference to `UI::green()'
C:/ProgramData/mingw64/mingw64/bin/../lib/gcc/x86_64-w64-mingw32/16.1.0/../../../../x86_64-w64-mingw32/bin/ld.exe: C:\Users\Admin\Desktop\AerolineaAplicacion\build\obj\ModuloPasajeros.cpp.o:ModuloPasajeros.cpp:(.text+0x7b25): undefined reference to `UI::green()'
C:/ProgramData/mingw64/mingw64/bin/../lib/gcc/x86_64-w64-mingw32/16.1.0/../../../../x86_64-w64-mingw32/bin/ld.exe: C:\Users\Admin\Desktop\AerolineaAplicacion\build\obj\ModuloPasajeros.cpp.o:ModuloPasajeros.cpp:(.text+0x7b6e): undefined reference to `UI::green()'
C:/ProgramData/mingw64/mingw64/bin/../lib/gcc/x86_64-w64-mingw32/16.1.0/../../../../x86_64-w64-mingw32/bin/ld.exe: C:\Users\Admin\Desktop\AerolineaAplicacion\build\obj\ModuloPasajeros.cpp.o:ModuloPasajeros.cpp:(.text+0x7b94): undefined reference to `UI::green()'
C:/ProgramData/mingw64/mingw64/bin/../lib/gcc/x86_64-w64-mingw32/16.1.0/../../../../x86_64-w64-mingw32/bin/ld.exe: C:\Users\Admin\Desktop\AerolineaAplicacion\build\obj\ModuloPasajeros.cpp.o:ModuloPasajeros.cpp:(.text+0x7bba): more undefined references to `UI::green()' follow
C:/ProgramData/mingw64/mingw64/bin/../lib/gcc/x86_64-w64-mingw32/16.1.0/../../../../x86_64-w64-mingw32/bin/ld.exe: C:\Users\Admin\Desktop\AerolineaAplicacion\build\obj\ModuloPasajeros.cpp.o:ModuloPasajeros.cpp:(.text+0x7cfd): undefined reference to `UI::border()'
C:/ProgramData/mingw64/mingw64/bin/../lib/gcc/x86_64-w64-mingw32/16.1.0/../../../../x86_64-w64-mingw32/bin/ld.exe: C:\Users\Admin\Desktop\AerolineaAplicacion\build\obj\ModuloPasajeros.cpp.o:ModuloPasajeros.cpp:(.text+0x7d89): undefined reference to `UI::muted()'
C:/ProgramData/mingw64/mingw64/bin/../lib/gcc/x86_64-w64-mingw32/16.1.0/../../../../x86_64-w64-mingw32/bin/ld.exe: C:\Users\Admin\Desktop\AerolineaAplicacion\build\obj\ModuloPasajeros.cpp.o:ModuloPasajeros.cpp:(.text+0x7daf): undefined reference to `UI::muted()'
C:/ProgramData/mingw64/mingw64/bin/../lib/gcc/x86_64-w64-mingw32/16.1.0/../../../../x86_64-w64-mingw32/bin/ld.exe: C:\Users\Admin\Desktop\AerolineaAplicacion\build\obj\ModuloPasajeros.cpp.o:ModuloPasajeros.cpp:(.text+0x811c): undefined reference to `UI::orange()'
C:/ProgramData/mingw64/mingw64/bin/../lib/gcc/x86_64-w64-mingw32/16.1.0/../../../../x86_64-w64-mingw32/bin/ld.exe: C:\Users\Admin\Desktop\AerolineaAplicacion\build\obj\ModuloPasajeros.cpp.o:ModuloPasajeros.cpp:(.text+0x8129): undefined reference to `UI::green()'
C:/ProgramData/mingw64/mingw64/bin/../lib/gcc/x86_64-w64-mingw32/16.1.0/../../../../x86_64-w64-mingw32/bin/ld.exe: C:\Users\Admin\Desktop\AerolineaAplicacion\build\obj\ModuloPasajeros.cpp.o:ModuloPasajeros.cpp:(.text+0x8153): undefined reference to `UI::navy()'
C:/ProgramData/mingw64/mingw64/bin/../lib/gcc/x86_64-w64-mingw32/16.1.0/../../../../x86_64-w64-mingw32/bin/ld.exe: C:\Users\Admin\Desktop\AerolineaAplicacion\build\obj\ModuloPasajeros.cpp.o:ModuloPasajeros.cpp:(.text+0x81d5): undefined reference to `UI::textoRecortado(std::__cxx11::basic_string<char, std::char_traits<char>, std::allocator<char> > const&, int, int, int, Color, int)'
C:/ProgramData/mingw64/mingw64/bin/../lib/gcc/x86_64-w64-mingw32/16.1.0/../../../../x86_64-w64-mingw32/bin/ld.exe: C:\Users\Admin\Desktop\AerolineaAplicacion\build\obj\ModuloPasajeros.cpp.o:ModuloPasajeros.cpp:(.text+0x81da): undefined reference to `UI::navy()'
C:/ProgramData/mingw64/mingw64/bin/../lib/gcc/x86_64-w64-mingw32/16.1.0/../../../../x86_64-w64-mingw32/bin/ld.exe: C:\Users\Admin\Desktop\AerolineaAplicacion\build\obj\ModuloPasajeros.cpp.o:ModuloPasajeros.cpp:(.text+0x820b): undefined reference to `UI::textoRecortado(std::__cxx11::basic_string<char, std::char_traits<char>, std::allocator<char> > const&, int, int, int, Color, int)'
C:/ProgramData/mingw64/mingw64/bin/../lib/gcc/x86_64-w64-mingw32/16.1.0/../../../../x86_64-w64-mingw32/bin/ld.exe: C:\Users\Admin\Desktop\AerolineaAplicacion\build\obj\ModuloPasajeros.cpp.o:ModuloPasajeros.cpp:(.text+0x8599): undefined reference to `UI::green()'
C:/ProgramData/mingw64/mingw64/bin/../lib/gcc/x86_64-w64-mingw32/16.1.0/../../../../x86_64-w64-mingw32/bin/ld.exe: C:\Users\Admin\Desktop\AerolineaAplicacion\build\obj\ModuloPasajeros.cpp.o:ModuloPasajeros.cpp:(.text+0x85f9): undefined reference to `UI::shellModulo(std::__cxx11::basic_string<char, std::char_traits<char>, std::allocator<char> > const&, std::__cxx11::basic_string<char, std::char_traits<char>, std::allocator<char> > const&, Color, int)'
C:/ProgramData/mingw64/mingw64/bin/../lib/gcc/x86_64-w64-mingw32/16.1.0/../../../../x86_64-w64-mingw32/bin/ld.exe: C:/ProgramData/mingw64/mingw64/bin/../lib/gcc/x86_64-w64-mingw32/16.1.0/../../../../x86_64-w64-mingw32/lib/../lib/libmingw32.a(lib64_libmingw32_a-crtexewin.o):crtexewin.c:(.text.startup+0xb5): undefined reference to `WinMain'
collect2.exe: error: ld returned 1 exit status
